Component: ARM Compiler 5.06 update 6 (build 750) Tool: armlink [4d35ed]

==============================================================================

Section Cross References

    main.o(i.main) refers to wdt_a.o(i.WDT_A_holdTimer) for WDT_A_holdTimer
    main.o(i.main) refers to myusart.o(i.usart_init) for usart_init
    main.o(i.main) refers to mysysclk.o(i.clk_init) for clk_init
    main.o(i.main) refers to myspi.o(i.spi_init) for spi_init
    main.o(i.main) refers to key.o(i.key_init) for key_init
    main.o(i.main) refers to mydelay.o(i.delay_init) for delay_init
    main.o(i.main) refers to interrupt.o(i.Interrupt_enableMaster) for Interrupt_enableMaster
    main.o(i.main) refers to ads1292r.o(i.ADS1292R_Init) for ADS1292R_Init
    main.o(i.main) refers to ads1292r.o(i.ADS1292R_PowerOnInit) for ADS1292R_PowerOnInit
    main.o(i.main) refers to ads1292r.o(i.ADS1292R_Work) for ADS1292R_Work
    main.o(i.main) refers to gpio.o(i.GPIO_disableInterrupt) for GPIO_disableInterrupt
    main.o(i.main) refers to ads1292r.o(i.ADS1292R_ReadData) for ADS1292R_ReadData
    main.o(i.main) refers to ecg_process.o(i.data_tran) for data_tran
    main.o(i.main) refers to ecg_process.o(i.ECG_IIR_filter) for ECG_IIR_filter
    main.o(i.main) refers to gpio.o(i.GPIO_clearInterruptFlag) for GPIO_clearInterruptFlag
    main.o(i.main) refers to gpio.o(i.GPIO_enableInterrupt) for GPIO_enableInterrupt
    main.o(i.main) refers to ads1292r.o(.data) for finish_flag
    ads1292r.o(i.ADS1292R_CMD) refers to gpio.o(i.GPIO_setOutputLowOnPin) for GPIO_setOutputLowOnPin
    ads1292r.o(i.ADS1292R_CMD) refers to mydelay.o(i.delay_us) for delay_us
    ads1292r.o(i.ADS1292R_CMD) refers to ads1292r.o(i.ADS1292R_SPI_RW) for ADS1292R_SPI_RW
    ads1292r.o(i.ADS1292R_CMD) refers to gpio.o(i.GPIO_setOutputHighOnPin) for GPIO_setOutputHighOnPin
    ads1292r.o(i.ADS1292R_Halt) refers to gpio.o(i.GPIO_setOutputLowOnPin) for GPIO_setOutputLowOnPin
    ads1292r.o(i.ADS1292R_Halt) refers to ads1292r.o(i.ADS1292R_CMD) for ADS1292R_CMD
    ads1292r.o(i.ADS1292R_Halt) refers to interrupt.o(i.Interrupt_disableInterrupt) for Interrupt_disableInterrupt
    ads1292r.o(i.ADS1292R_Init) refers to gpio.o(i.GPIO_setAsOutputPin) for GPIO_setAsOutputPin
    ads1292r.o(i.ADS1292R_Init) refers to gpio.o(i.GPIO_setOutputHighOnPin) for GPIO_setOutputHighOnPin
    ads1292r.o(i.ADS1292R_Init) refers to gpio.o(i.GPIO_setOutputLowOnPin) for GPIO_setOutputLowOnPin
    ads1292r.o(i.ADS1292R_PowerOnInit) refers to gpio.o(i.GPIO_setOutputHighOnPin) for GPIO_setOutputHighOnPin
    ads1292r.o(i.ADS1292R_PowerOnInit) refers to gpio.o(i.GPIO_setOutputLowOnPin) for GPIO_setOutputLowOnPin
    ads1292r.o(i.ADS1292R_PowerOnInit) refers to mydelay.o(i.delay_ms) for delay_ms
    ads1292r.o(i.ADS1292R_PowerOnInit) refers to mydelay.o(i.delay_us) for delay_us
    ads1292r.o(i.ADS1292R_PowerOnInit) refers to ads1292r.o(i.ADS1292R_CMD) for ADS1292R_CMD
    ads1292r.o(i.ADS1292R_PowerOnInit) refers to ads1292r.o(i.ADS1292R_REG) for ADS1292R_REG
    ads1292r.o(i.ADS1292R_PowerOnInit) refers to printf1.o(i.__0printf$1) for __2printf
    ads1292r.o(i.ADS1292R_PowerOnInit) refers to ads1292r.o(.data) for device_id
    ads1292r.o(i.ADS1292R_REG) refers to gpio.o(i.GPIO_setOutputLowOnPin) for GPIO_setOutputLowOnPin
    ads1292r.o(i.ADS1292R_REG) refers to mydelay.o(i.delay_us) for delay_us
    ads1292r.o(i.ADS1292R_REG) refers to ads1292r.o(i.ADS1292R_SPI_RW) for ADS1292R_SPI_RW
    ads1292r.o(i.ADS1292R_REG) refers to gpio.o(i.GPIO_setOutputHighOnPin) for GPIO_setOutputHighOnPin
    ads1292r.o(i.ADS1292R_REG) refers to myspi.o(.data) for Rx_data
    ads1292r.o(i.ADS1292R_ReadData) refers to gpio.o(i.GPIO_setOutputLowOnPin) for GPIO_setOutputLowOnPin
    ads1292r.o(i.ADS1292R_ReadData) refers to myspi.o(i.SPI_RW) for SPI_RW
    ads1292r.o(i.ADS1292R_ReadData) refers to gpio.o(i.GPIO_setOutputHighOnPin) for GPIO_setOutputHighOnPin
    ads1292r.o(i.ADS1292R_ReadData) refers to ads1292r.o(.bss) for ads1292r_data_buff
    ads1292r.o(i.ADS1292R_SPI_RW) refers to myspi.o(i.SPI_RW) for SPI_RW
    ads1292r.o(i.ADS1292R_SPI_RW) refers to myspi.o(.data) for Rx_data
    ads1292r.o(i.ADS1292R_Work) refers to ads1292r.o(i.ADS1292R_CMD) for ADS1292R_CMD
    ads1292r.o(i.ADS1292R_Work) refers to gpio.o(i.GPIO_setOutputHighOnPin) for GPIO_setOutputHighOnPin
    ads1292r.o(i.ADS1292R_Work) refers to gpio.o(i.GPIO_setAsInputPinWithPullUpResistor) for GPIO_setAsInputPinWithPullUpResistor
    ads1292r.o(i.ADS1292R_Work) refers to gpio.o(i.GPIO_interruptEdgeSelect) for GPIO_interruptEdgeSelect
    ads1292r.o(i.ADS1292R_Work) refers to gpio.o(i.GPIO_clearInterruptFlag) for GPIO_clearInterruptFlag
    ads1292r.o(i.ADS1292R_Work) refers to gpio.o(i.GPIO_enableInterrupt) for GPIO_enableInterrupt
    ads1292r.o(i.ADS1292R_Work) refers to interrupt.o(i.Interrupt_enableInterrupt) for Interrupt_enableInterrupt
[...]
    printf4.o(i.__0snprintf$4) refers to printf4.o(i._printf_core) for _printf_core
    printf4.o(i.__0snprintf$4) refers to printf4.o(i._snputc) for _snputc
    printf4.o(i.__0sprintf$4) refers to printf4.o(i._printf_core) for _printf_core
    printf4.o(i.__0sprintf$4) refers to printf4.o(i._sputc) for _sputc
    printf4.o(i.__0vfprintf$4) refers to printf4.o(i._printf_core) for _printf_core
    printf4.o(i.__0vfprintf$4) refers to myusart.o(i.fputc) for fputc
    printf4.o(i.__0vprintf$4) refers to printf4.o(i._printf_core) for _printf_core
    printf4.o(i.__0vprintf$4) refers to myusart.o(i.fputc) for fputc
    printf4.o(i.__0vprintf$4) refers to stdout.o(.data) for __stdout
    printf4.o(i.__0vsnprintf$4) refers to printf4.o(i._printf_core) for _printf_core
    printf4.o(i.__0vsnprintf$4) refers to printf4.o(i._snputc) for _snputc
    printf4.o(i.__0vsprintf$4) refers to printf4.o(i._printf_core) for _printf_core
    printf4.o(i.__0vsprintf$4) refers to printf4.o(i._sputc) for _sputc
    printf4.o(i._printf_core) refers to uldiv.o(.text) for __aeabi_uldivmod
    printf5.o(i.__0fprintf$5) refers to printf5.o(i._printf_core) for _printf_core
    printf5.o(i.__0fprintf$5) refers to myusart.o(i.fputc) for fputc
    printf5.o(i.__0printf$5) refers to printf5.o(i._printf_core) for _printf_core
    printf5.o(i.__0printf$5) refers to myusart.o(i.fputc) for fputc
    printf5.o(i.__0printf$5) refers to stdout.o(.data) for __stdout
    printf5.o(i.__0snprintf$5) refers to printf5.o(i._printf_core) for _printf_core
    printf5.o(i.__0snprintf$5) refers to printf5.o(i._snputc) for _snputc
    printf5.o(i.__0sprintf$5) refers to printf5.o(i._printf_core) for _printf_core
    printf5.o(i.__0sprintf$5) refers to printf5.o(i._sputc) for _sputc
    printf5.o(i.__0vfprintf$5) refers to printf5.o(i._printf_core) for _printf_core
    printf5.o(i.__0vfprintf$5) refers to myusart.o(i.fputc) for fputc
    printf5.o(i.__0vprintf$5) refers to printf5.o(i._printf_core) for _printf_core
    printf5.o(i.__0vprintf$5) refers to myusart.o(i.fputc) for fputc
    printf5.o(i.__0vprintf$5) refers to stdout.o(.data) for __stdout
    printf5.o(i.__0vsnprintf$5) refers to printf5.o(i._printf_core) for _printf_core
    printf5.o(i.__0vsnprintf$5) refers to printf5.o(i._snputc) for _snputc
    printf5.o(i.__0vsprintf$5) refers to printf5.o(i._printf_core) for _printf_core
    printf5.o(i.__0vsprintf$5) refers to printf5.o(i._sputc) for _sputc
    printf5.o(i._printf_core) refers to uldiv.o(.text) for __aeabi_uldivmod
    printf6.o(i.__0fprintf$6) refers to printf6.o(i._printf_core) for _printf_core
    printf6.o(i.__0fprintf$6) refers to myusart.o(i.fputc) for fputc
    printf6.o(i.__0printf$6) refers to printf6.o(i._printf_core) for _printf_core
    printf6.o(i.__0printf$6) refers to myusart.o(i.fputc) for fputc
    printf6.o(i.__0printf$6) refers to stdout.o(.data) for __stdout
    printf6.o(i.__0snprintf$6) refers to printf6.o(i._printf_core) for _printf_core
    printf6.o(i.__0snprintf$6) refers to printf6.o(i._snputc) for _snputc
    printf6.o(i.__0sprintf$6) refers to printf6.o(i._printf_core) for _printf_core
    printf6.o(i.__0sprintf$6) refers to printf6.o(i._sputc) for _sputc
    printf6.o(i.__0vfprintf$6) refers to printf6.o(i._printf_core) for _printf_core
    printf6.o(i.__0vfprintf$6) refers to myusart.o(i.fputc) for fputc
    printf6.o(i.__0vprintf$6) refers to printf6.o(i._printf_core) for _printf_core
    printf6.o(i.__0vprintf$6) refers to myusart.o(i.fputc) for fputc
    printf6.o(i.__0vprintf$6) refers to stdout.o(.data) for __stdout
    printf6.o(i.__0vsnprintf$6) refers to printf6.o(i._printf_core) for _printf_core
    printf6.o(i.__0vsnprintf$6) refers to printf6.o(i._snputc) for _snputc
    printf6.o(i.__0vsprintf$6) refers to printf6.o(i._printf_core) for _printf_core
    printf6.o(i.__0vsprintf$6) refers to printf6.o(i._sputc) for _sputc
    printf6.o(i._printf_core) refers to printf6.o(i._printf_pre_padding) for _printf_pre_padding
    printf6.o(i._printf_core) refers to uidiv.o(.text) for __aeabi_uidivmod
    printf6.o(i._printf_core) refers to printf6.o(i._printf_post_padding) for _printf_post_padding
    printf7.o(i.__0fprintf$7) refers to printf7.o(i._printf_core) for _printf_core
    printf7.o(i.__0fprintf$7) refers to myusart.o(i.fputc) for fputc
    printf7.o(i.__0printf$7) refers to printf7.o(i._printf_core) for _printf_core
    printf7.o(i.__0printf$7) refers to myusart.o(i.fputc) for fputc
    printf7.o(i.__0printf$7) refers to stdout.o(.data) for __stdout
    printf7.o(i.__0snprintf$7) refers to printf7.o(i._printf_core) for _printf_core
    printf7.o(i.__0snprintf$7) refers to printf7.o(i._snputc) for _snputc
    printf7.o(i.__0sprintf$7) refers to printf7.o(i._printf_core) for _printf_core
    printf7.o(i.__0sprintf$7) refers to printf7.o(i._sputc) for _sputc
    printf7.o(i.__0vfprintf$7) refers to printf7.o(i._printf_core) for _printf_core
    printf7.o(i.__0vfprintf$7) refers to myusart.o(i.fputc) for fputc
    printf7.o(i.__0vprintf$7) refers to printf7.o(i._printf_core) for _printf_core
    printf7.o(i.__0vprintf$7) refers to myusart.o(i.fputc) for fputc
    printf7.o(i.__0vprintf$7) refers to stdout.o(.data) for __stdout
    printf7.o(i.__0vsnprintf$7) refers to printf7.o(i._printf_core) for _printf_core
    printf7.o(i.__0vsnprintf$7) refers to printf7.o(i._snputc) for _snputc
    printf7.o(i.__0vsprintf$7) refers to printf7.o(i._printf_core) for _printf_core
    printf7.o(i.__0vsprintf$7) refers to printf7.o(i._sputc) for _sputc
    printf7.o(i._printf_core) refers to printf7.o(i._printf_pre_padding) for _printf_pre_padding
    printf7.o(i._printf_core) refers to uldiv.o(.text) for __aeabi_uldivmod
    printf7.o(i._printf_core) refers to printf7.o(i._printf_post_padding) for _printf_post_padding
    printf8.o(i.__0fprintf$8) refers to printf8.o(i._printf_core) for _printf_core
    printf8.o(i.__0fprintf$8) refers to myusart.o(i.fputc) for fputc
    printf8.o(i.__0printf$8) refers to printf8.o(i._printf_core) for _printf_core
    printf8.o(i.__0printf$8) refers to myusart.o(i.fputc) for fputc
    printf8.o(i.__0printf$8) refers to stdout.o(.data) for __stdout
    printf8.o(i.__0snprintf$8) refers to printf8.o(i._printf_core) for _printf_core
    printf8.o(i.__0snprintf$8) refers to printf8.o(i._snputc) for _snputc
    printf8.o(i.__0sprintf$8) refers to printf8.o(i._printf_core) for _printf_core
    printf8.o(i.__0sprintf$8) refers to printf8.o(i._sputc) for _sputc
    printf8.o(i.__0vfprintf$8) refers to printf8.o(i._printf_core) for _printf_core
    printf8.o(i.__0vfprintf$8) refers to myusart.o(i.fputc) for fputc
    printf8.o(i.__0vprintf$8) refers to printf8.o(i._printf_core) for _printf_core
    printf8.o(i.__0vprintf$8) refers to myusart.o(i.fputc) for fputc
    printf8.o(i.__0vprintf$8) refers to stdout.o(.data) for __stdout
    printf8.o(i.__0vsnprintf$8) refers to printf8.o(i._printf_core) for _printf_core
    printf8.o(i.__0vsnprintf$8) refers to printf8.o(i._snputc) for _snputc
    printf8.o(i.__0vsprintf$8) refers to printf8.o(i._printf_core) for _printf_core
    printf8.o(i.__0vsprintf$8) refers to printf8.o(i._sputc) for _sputc
    printf8.o(i._printf_core) refers to printf8.o(i._printf_pre_padding) for _printf_pre_padding
    printf8.o(i._printf_core) refers to uldiv.o(.text) for __aeabi_uldivmod
    printf8.o(i._printf_core) refers to printf8.o(i._printf_post_padding) for _printf_post_padding
    printfa.o(i.__0fprintf) refers (Special) to iusefp.o(.text) for __I$use$fp
    printfa.o(i.__0fprintf) refers to printfa.o(i._printf_core) for _printf_core
    printfa.o(i.__0fprintf) refers to myusart.o(i.fputc) for fputc
    printfa.o(i.__0printf) refers (Special) to iusefp.o(.text) for __I$use$fp
    printfa.o(i.__0printf) refers to printfa.o(i._printf_core) for _printf_core
    printfa.o(i.__0printf) refers to myusart.o(i.fputc) for fputc
    printfa.o(i.__0printf) refers to stdout.o(.data) for __stdout
    printfa.o(i.__0snprintf) refers (Special) to iusefp.o(.text) for __I$use$fp
    printfa.o(i.__0snprintf) refers to printfa.o(i._printf_core) for _printf_core
    printfa.o(i.__0snprintf) refers to printfa.o(i._snputc) for _snputc
    printfa.o(i.__0sprintf) refers (Special) to iusefp.o(.text) for __I$use$fp
    printfa.o(i.__0sprintf) refers to printfa.o(i._printf_core) for _printf_core
    printfa.o(i.__0sprintf) refers to printfa.o(i._sputc) for _sputc
    printfa.o(i.__0vfprintf) refers (Special) to iusefp.o(.text) for __I$use$fp
    printfa.o(i.__0vfprintf) refers to printfa.o(i._printf_core) for _printf_core
    printfa.o(i.__0vfprintf) refers to myusart.o(i.fputc) for fputc
    printfa.o(i.__0vprintf) refers (Special) to iusefp.o(.text) for __I$use$fp
    printfa.o(i.__0vprintf) refers to printfa.o(i._printf_core) for _printf_core
    printfa.o(i.__0vprintf) refers to myusart.o(i.fputc) for fputc
    printfa.o(i.__0vprintf) refers to stdout.o(.data) for __stdout
    printfa.o(i.__0vsnprintf) refers (Special) to iusefp.o(.text) for __I$use$fp
    printfa.o(i.__0vsnprintf) refers to printfa.o(i._printf_core) for _printf_core
    printfa.o(i.__0vsnprintf) refers to printfa.o(i._snputc) for _snputc
    printfa.o(i.__0vsprintf) refers (Special) to iusefp.o(.text) for __I$use$fp
    printfa.o(i.__0vsprintf) refers to printfa.o(i._printf_core) for _printf_core
    printfa.o(i.__0vsprintf) refers to printfa.o(i._sputc) for _sputc
    printfa.o(i._fp_digits) refers (Special) to iusefp.o(.text) for __I$use$fp
    printfa.o(i._fp_digits) refers to dmul.o(.text) for __aeabi_dmul
    printfa.o(i._fp_digits) refers to ddiv.o(.text) for __aeabi_ddiv
    printfa.o(i._fp_digits) refers to cdrcmple.o(.text) for __aeabi_cdrcmple
    printfa.o(i._fp_digits) refers to dadd.o(.text) for __aeabi_dadd
    printfa.o(i._fp_digits) refers to dfixul.o(.text) for __aeabi_d2ulz
    printfa.o(i._fp_digits) refers to uldiv.o(.text) for __aeabi_uldivmod
    printfa.o(i._printf_core) refers (Special) to iusefp.o(.text) for __I$use$fp
    printfa.o(i._printf_core) refers to printfa.o(i._printf_pre_padding) for _printf_pre_padding
    printfa.o(i._printf_core) refers to uldiv.o(.text) for __aeabi_uldivmod
    printfa.o(i._printf_core) refers to printfa.o(i._printf_post_padding) for _printf_post_padding
    printfa.o(i._printf_core) refers to printfa.o(i._fp_digits) for _fp_digits
    printfa.o(i._printf_core) refers to uidiv.o(.text) for __aeabi_uidivmod
    printfa.o(i._printf_post_padding) refers (Special) to iusefp.o(.text) for __I$use$fp
    printfa.o(i._printf_pre_padding) refers (Special) to iusefp.o(.text) for __I$use$fp
    printfa.o(i._snputc) refers (Special) to iusefp.o(.text) for __I$use$fp
    printfa.o(i._sputc) refers (Special) to iusefp.o(.text) for __I$use$fp
    dmul.o(.text) refers (Special) to iusefp.o(.text) for __I$use$fp
    dmul.o(.text) refers to depilogue.o(.text) for _double_epilogue
    dflti.o(.text) refers (Special) to iusefp.o(.text) for __I$use$fp
    dflti.o(.text) refers to depilogue.o(.text) for _double_epilogue
    dfixi.o(.text) refers (Special) to iusefp.o(.text) for __I$use$fp
    dfixi.o(.text) refers to llushr.o(.text) for __aeabi_llsr
    entry2.o(.ARM.Collect$$$$00000001) refers to entry2.o(.ARM.Collect$$$$00002712) for __lit__00000000
    entry2.o(.ARM.Collect$$$$00002712) refers to startup_msp432p401r_uvision.o(STACK) for __initial_sp
    entry2.o(__vectab_stack_and_reset_area) refers to startup_msp432p401r_uvision.o(STACK) for __initial_sp
    entry2.o(__vectab_stack_and_reset_area) refers to entry.o(.ARM.Collect$$$$00000000) for __main
    entry5.o(.ARM.Collect$$$$00000004) refers to init.o(.text) for __scatterload
    entry9a.o(.ARM.Collect$$$$0000000B) refers to main.o(i.main) for main
    entry9b.o(.ARM.Collect$$$$0000000C) refers to main.o(i.main) for main
    uldiv.o(.text) refers to llushr.o(.text) for __aeabi_llsr
    uldiv.o(.text) refers to llshl.o(.text) for __aeabi_llsl
    depilogue.o(.text) refers to llshl.o(.text) for __aeabi_llsl
    depilogue.o(.text) refers to llushr.o(.text) for __aeabi_llsr
    dadd.o(.text) refers to llshl.o(.text) for __aeabi_llsl
    dadd.o(.text) refers to llsshr.o(.text) for __aeabi_lasr
    dadd.o(.text) refers to depilogue.o(.text) for _double_epilogue
    ddiv.o(.text) refers to depilogue.o(.text) for _double_round
    dfixul.o(.text) refers to llushr.o(.text) for __aeabi_llsr
    dfixul.o(.text) refers to llshl.o(.text) for __aeabi_llsl
    init.o(.text) refers to entry5.o(.ARM.Collect$$$$00000004) for __main_after_scatterload


==============================================================================

Removing Unused input sections from the image.

    Removing main.o(.rev16_text), (4 bytes).
    Removing main.o(.revsh_text), (4 bytes).
    Removing main.o(.rrx_text), (6 bytes).
    Removing ads1292r.o(.rev16_text), (4 bytes).
    Removing ads1292r.o(.revsh_text), (4 bytes).
    Removing ads1292r.o(.rrx_text), (6 bytes).
    Removing ads1292r.o(i.ADS1292R_Halt), (24 bytes).
    Removing ecg_process.o(.rev16_text), (4 bytes).
    Removing ecg_process.o(.revsh_text), (4 bytes).
    Removing ecg_process.o(.rrx_text), (6 bytes).
    Removing key.o(.rev16_text), (4 bytes).
    Removing key.o(.revsh_text), (4 bytes).
    Removing key.o(.rrx_text), (6 bytes).
    Removing mygpio.o(.rev16_text), (4 bytes).
    Removing mygpio.o(.revsh_text), (4 bytes).
    Removing mygpio.o(.rrx_text), (6 bytes).
    Removing mygpio.o(i.mygpio_init), (2 bytes).
    Removing myspi.o(.rev16_text), (4 bytes).
    Removing myspi.o(.revsh_text), (4 bytes).
    Removing myspi.o(.rrx_text), (6 bytes).
    Removing myspi.o(i.spi_send), (32 bytes).
    Removing system_msp432p401r.o(.rev16_text), (4 bytes).
    Removing system_msp432p401r.o(.revsh_text), (4 bytes).
    Removing system_msp432p401r.o(.rrx_text), (6 bytes).
    Removing system_msp432p401r.o(i.SystemCoreClockUpdate), (572 bytes).
    Removing system_msp432p401r.o(.data), (4 bytes).
    Removing startup_msp432p401r_uvision.o(HEAP), (0 bytes).
    Removing mydelay.o(.rev16_text), (4 bytes).
    Removing mydelay.o(.revsh_text), (4 bytes).
    Removing mydelay.o(.rrx_text), (6 bytes).
    Removing myusart.o(.rev16_text), (4 bytes).
    Removing myusart.o(.revsh_text), (4 bytes).
    Removing myusart.o(.rrx_text), (6 bytes).
    Removing myusart.o(i.print_ecg_16byte), (60 bytes).
    Removing mysysclk.o(.rev16_text), (4 bytes).
    Removing mysysclk.o(.revsh_text), (4 bytes).
    Removing mysysclk.o(.rrx_text), (6 bytes).
    Removing cs.o(.rev16_text), (4 bytes).
    Removing cs.o(.revsh_text), (4 bytes).
    Removing cs.o(.rrx_text), (6 bytes).
    Removing cs.o(i.CS_clearInterruptFlag), (36 bytes).
    Removing cs.o(i.CS_disableClockRequest), (40 bytes).
    Removing cs.o(i.CS_disableDCOExternalResistor), (32 bytes).
    Removing cs.o(i.CS_disableFaultCounter), (40 bytes).
    Removing cs.o(i.CS_disableInterrupt), (40 bytes).
    Removing cs.o(i.CS_enableClockRequest), (36 bytes).
    Removing cs.o(i.CS_enableDCOExternalResistor), (28 bytes).
    Removing cs.o(i.CS_enableFaultCounter), (36 bytes).
    Removing cs.o(i.CS_enableInterrupt), (36 bytes).
    Removing cs.o(i.CS_getACLK), (24 bytes).
    Removing cs.o(i.CS_getBCLK), (28 bytes).
    Removing cs.o(i.CS_getDCOFrequency), (368 bytes).
    Removing cs.o(i.CS_getEnabledInterruptStatus), (20 bytes).
    Removing cs.o(i.CS_getHSMCLK), (24 bytes).
    Removing cs.o(i.CS_getInterruptStatus), (12 bytes).
    Removing cs.o(i.CS_getMCLK), (24 bytes).
    Removing cs.o(i.CS_getSMCLK), (24 bytes).
    Removing cs.o(i.CS_registerInterrupt), (20 bytes).
    Removing cs.o(i.CS_resetFaultCounter), (36 bytes).
    Removing cs.o(i.CS_setDCOExternalResistorCalibration), (128 bytes).
    Removing cs.o(i.CS_setDCOFrequency), (380 bytes).
    Removing cs.o(i.CS_setReferenceOscillatorFrequency), (32 bytes).
    Removing cs.o(i.CS_startFaultCounter), (52 bytes).
    Removing cs.o(i.CS_startLFXT), (6 bytes).
    Removing cs.o(i.CS_startLFXTWithTimeout), (180 bytes).
    Removing cs.o(i.CS_tuneDCOFrequency), (88 bytes).
    Removing cs.o(i.CS_unregisterInterrupt), (18 bytes).
    Removing cs.o(i._CSComputeCLKFrequency), (268 bytes).
    Removing flash.o(.rev16_text), (4 bytes).
    Removing flash.o(.revsh_text), (4 bytes).
    Removing flash.o(.rrx_text), (6 bytes).
    Removing flash.o(i.FlashCtl_clearInterruptFlag), (16 bytes).
    Removing flash.o(i.FlashCtl_clearProgramVerification), (64 bytes).
    Removing flash.o(i.FlashCtl_disableInterrupt), (20 bytes).
    Removing flash.o(i.FlashCtl_disableReadBuffering), (64 bytes).
    Removing flash.o(i.FlashCtl_disableWordProgramming), (12 bytes).
    Removing flash.o(i.FlashCtl_enableInterrupt), (16 bytes).
    Removing flash.o(i.FlashCtl_enableReadBuffering), (64 bytes).
    Removing flash.o(i.FlashCtl_enableWordProgramming), (32 bytes).
    Removing flash.o(i.FlashCtl_eraseSector), (248 bytes).
    Removing flash.o(i.FlashCtl_getEnabledInterruptStatus), (16 bytes).
    Removing flash.o(i.FlashCtl_getInterruptStatus), (12 bytes).
    Removing flash.o(i.FlashCtl_getMemoryInfo), (36 bytes).
    Removing flash.o(i.FlashCtl_getReadMode), (32 bytes).
    Removing flash.o(i.FlashCtl_getWaitState), (32 bytes).
    Removing flash.o(i.FlashCtl_initiateMassErase), (28 bytes).
    Removing flash.o(i.FlashCtl_initiateSectorErase), (100 bytes).
    Removing flash.o(i.FlashCtl_isSectorProtected), (72 bytes).
    Removing flash.o(i.FlashCtl_isWordProgrammingEnabled), (32 bytes).
    Removing flash.o(i.FlashCtl_performMassErase), (520 bytes).
    Removing flash.o(i.FlashCtl_programMemory), (656 bytes).
    Removing flash.o(i.FlashCtl_protectSector), (76 bytes).
    Removing flash.o(i.FlashCtl_registerInterrupt), (20 bytes).
    Removing flash.o(i.FlashCtl_setProgramVerification), (64 bytes).
    Removing flash.o(i.FlashCtl_setReadMode), (72 bytes).
    Removing flash.o(i.FlashCtl_unprotectSector), (84 bytes).
    Removing flash.o(i.FlashCtl_unregisterInterrupt), (18 bytes).
    Removing flash.o(i.FlashCtl_verifyMemory), (480 bytes).
    Removing flash.o(i._FlashCtl_Program32), (496 bytes).
    Removing flash.o(i._FlashCtl_Program8), (348 bytes).
    Removing flash.o(i.__FlashCtl_remaskBurstDataPost), (252 bytes).
    Removing flash.o(i.__FlashCtl_remaskBurstDataPre), (256 bytes).
    Removing flash.o(i.__FlashCtl_remaskData32Post), (172 bytes).
    Removing flash.o(i.__FlashCtl_remaskData32Pre), (176 bytes).
    Removing flash.o(i.__FlashCtl_remaskData8Post), (104 bytes).
    Removing flash.o(i.__FlashCtl_remaskData8Pre), (108 bytes).
    Removing flash.o(.data), (64 bytes).
    Removing gpio.o(.rev16_text), (4 bytes).
    Removing gpio.o(.revsh_text), (4 bytes).
    Removing gpio.o(.rrx_text), (6 bytes).
    Removing gpio.o(i.GPIO_getInputPinValue), (20 bytes).
    Removing gpio.o(i.GPIO_getInterruptStatus), (16 bytes).
    Removing gpio.o(i.GPIO_registerInterrupt), (28 bytes).
    Removing gpio.o(i.GPIO_setAsInputPin), (40 bytes).
    Removing gpio.o(i.GPIO_setAsInputPinWithPullDownResistor), (44 bytes).
    Removing gpio.o(i.GPIO_setDriveStrengthHigh), (20 bytes).
    Removing gpio.o(i.GPIO_setDriveStrengthLow), (20 bytes).
    Removing gpio.o(i.GPIO_toggleOutputOnPin), (20 bytes).
    Removing gpio.o(i.GPIO_unregisterInterrupt), (28 bytes).
    Removing gpio.o(.constdata), (28 bytes).
    Removing interrupt.o(.rev16_text), (4 bytes).
    Removing interrupt.o(.revsh_text), (4 bytes).
    Removing interrupt.o(.rrx_text), (6 bytes).
    Removing interrupt.o(i.IntDefaultHandler), (2 bytes).
    Removing interrupt.o(i.Interrupt_disableInterrupt), (100 bytes).
    Removing interrupt.o(i.Interrupt_disableMaster), (14 bytes).
    Removing interrupt.o(i.Interrupt_disableSleepOnIsrExit), (16 bytes).
    Removing interrupt.o(i.Interrupt_enableSleepOnIsrExit), (16 bytes).
    Removing interrupt.o(i.Interrupt_getPriority), (28 bytes).
    Removing interrupt.o(i.Interrupt_getPriorityGrouping), (36 bytes).
    Removing interrupt.o(i.Interrupt_getPriorityMask), (10 bytes).
    Removing interrupt.o(i.Interrupt_getVectorTableAddress), (12 bytes).
    Removing interrupt.o(i.Interrupt_isEnabled), (104 bytes).
    Removing interrupt.o(i.Interrupt_pendInterrupt), (84 bytes).
    Removing interrupt.o(i.Interrupt_registerInterrupt), (52 bytes).
    Removing interrupt.o(i.Interrupt_setPriority), (40 bytes).
    Removing interrupt.o(i.Interrupt_setPriorityGrouping), (28 bytes).
    Removing interrupt.o(i.Interrupt_setPriorityMask), (4 bytes).
    Removing interrupt.o(i.Interrupt_setVectorTableAddress), (12 bytes).
    Removing interrupt.o(i.Interrupt_unpendInterrupt), (68 bytes).
    Removing interrupt.o(i.Interrupt_unregisterInterrupt), (20 bytes).
    Removing interrupt.o(vtable), (228 bytes).
    Removing pcm.o(.rev16_text), (4 bytes).
    Removing pcm.o(.revsh_text), (4 bytes).
    Removing pcm.o(.rrx_text), (6 bytes).
    Removing pcm.o(i.PCM_clearInterruptFlag), (16 bytes).
    Removing pcm.o(i.PCM_disableInterrupt), (16 bytes).
    Removing pcm.o(i.PCM_disableRudeMode), (28 bytes).
    Removing pcm.o(i.PCM_enableInterrupt), (16 bytes).
    Removing pcm.o(i.PCM_enableRudeMode), (24 bytes).
    Removing pcm.o(i.PCM_getEnabledInterruptStatus), (16 bytes).
    Removing pcm.o(i.PCM_getInterruptStatus), (12 bytes).
    Removing pcm.o(i.PCM_getPowerState), (12 bytes).
    Removing pcm.o(i.PCM_gotoLPM0), (44 bytes).
    Removing pcm.o(i.PCM_gotoLPM0InterruptSafe), (24 bytes).
    Removing pcm.o(i.PCM_gotoLPM3), (136 bytes).
    Removing pcm.o(i.PCM_gotoLPM3InterruptSafe), (24 bytes).
    Removing pcm.o(i.PCM_gotoLPM4), (18 bytes).
    Removing pcm.o(i.PCM_gotoLPM4InterruptSafe), (32 bytes).
    Removing pcm.o(i.PCM_registerInterrupt), (20 bytes).
    Removing pcm.o(i.PCM_setCoreVoltageLevelNonBlocking), (8 bytes).
    Removing pcm.o(i.PCM_setCoreVoltageLevelWithTimeout), (6 bytes).
    Removing pcm.o(i.PCM_setPowerMode), (8 bytes).
    Removing pcm.o(i.PCM_setPowerModeNonBlocking), (8 bytes).
    Removing pcm.o(i.PCM_setPowerModeWithTimeout), (6 bytes).
    Removing pcm.o(i.PCM_setPowerState), (8 bytes).
    Removing pcm.o(i.PCM_setPowerStateNonBlocking), (8 bytes).
    Removing pcm.o(i.PCM_setPowerStateWithTimeout), (6 bytes).
    Removing pcm.o(i.PCM_shutdownDevice), (76 bytes).
    Removing pcm.o(i.PCM_unregisterInterrupt), (18 bytes).
    Removing pcm.o(i.__PCM_setPowerStateAdvanced), (580 bytes).
    Removing spi.o(.rev16_text), (4 bytes).
    Removing spi.o(.revsh_text), (4 bytes).
    Removing spi.o(.rrx_text), (6 bytes).
    Removing spi.o(i.EUSCI_A_SPI_changeClockPhasePolarity), (36 bytes).
    Removing spi.o(i.EUSCI_A_SPI_clearInterruptFlag), (10 bytes).
    Removing spi.o(i.EUSCI_A_SPI_disable), (12 bytes).
    Removing spi.o(i.EUSCI_A_SPI_disableInterrupt), (10 bytes).
    Removing spi.o(i.EUSCI_A_SPI_enable), (12 bytes).
    Removing spi.o(i.EUSCI_A_SPI_enableInterrupt), (8 bytes).
    Removing spi.o(i.EUSCI_A_SPI_getInterruptStatus), (6 bytes).
    Removing spi.o(i.EUSCI_A_SPI_getReceiveBufferAddressForDMA), (4 bytes).
    Removing spi.o(i.EUSCI_A_SPI_getTransmitBufferAddressForDMA), (4 bytes).
    Removing spi.o(i.EUSCI_A_SPI_isBusy), (18 bytes).
    Removing spi.o(i.EUSCI_A_SPI_masterChangeClock), (26 bytes).
    Removing spi.o(i.EUSCI_A_SPI_receiveData), (6 bytes).
    Removing spi.o(i.EUSCI_A_SPI_select4PinFunctionality), (12 bytes).
    Removing spi.o(i.EUSCI_A_SPI_slaveInit), (42 bytes).
    Removing spi.o(i.EUSCI_A_SPI_transmitData), (4 bytes).
    Removing spi.o(i.EUSCI_B_SPI_changeClockPhasePolarity), (36 bytes).
    Removing spi.o(i.EUSCI_B_SPI_clearInterruptFlag), (10 bytes).
    Removing spi.o(i.EUSCI_B_SPI_disable), (12 bytes).
    Removing spi.o(i.EUSCI_B_SPI_disableInterrupt), (10 bytes).
    Removing spi.o(i.EUSCI_B_SPI_enable), (12 bytes).
    Removing spi.o(i.EUSCI_B_SPI_enableInterrupt), (8 bytes).
    Removing spi.o(i.EUSCI_B_SPI_getInterruptStatus), (6 bytes).
    Removing spi.o(i.EUSCI_B_SPI_getReceiveBufferAddressForDMA), (4 bytes).
    Removing spi.o(i.EUSCI_B_SPI_getTransmitBufferAddressForDMA), (4 bytes).
    Removing spi.o(i.EUSCI_B_SPI_isBusy), (18 bytes).
    Removing spi.o(i.EUSCI_B_SPI_masterChangeClock), (26 bytes).
    Removing spi.o(i.EUSCI_B_SPI_receiveData), (6 bytes).
    Removing spi.o(i.EUSCI_B_SPI_select4PinFunctionality), (12 bytes).
    Removing spi.o(i.EUSCI_B_SPI_slaveInit), (42 bytes).
    Removing spi.o(i.EUSCI_B_SPI_transmitData), (4 bytes).
    Removing spi.o(i.SPI_changeClockPhasePolarity), (50 bytes).
    Removing spi.o(i.SPI_changeMasterClock), (36 bytes).
    Removing spi.o(i.SPI_disableInterrupt), (36 bytes).
    Removing spi.o(i.SPI_disableModule), (22 bytes).
    Removing spi.o(i.SPI_getReceiveBufferAddressForDMA), (14 bytes).
    Removing spi.o(i.SPI_getTransmitBufferAddressForDMA), (14 bytes).
    Removing spi.o(i.SPI_initSlave), (54 bytes).
    Removing spi.o(i.SPI_isBusy), (46 bytes).
    Removing spi.o(i.SPI_registerInterrupt), (164 bytes).
    Removing spi.o(i.SPI_selectFourPinFunctionality), (24 bytes).
    Removing spi.o(i.SPI_unregisterInterrupt), (164 bytes).
    Removing uart.o(.rev16_text), (4 bytes).
    Removing uart.o(.revsh_text), (4 bytes).
    Removing uart.o(.rrx_text), (6 bytes).
    Removing uart.o(i.UART_disableInterrupt), (26 bytes).
    Removing uart.o(i.UART_disableModule), (12 bytes).
    Removing uart.o(i.UART_getInterruptStatus), (6 bytes).
    Removing uart.o(i.UART_getReceiveBufferAddressForDMA), (4 bytes).
    Removing uart.o(i.UART_getTransmitBufferAddressForDMA), (4 bytes).
    Removing uart.o(i.UART_queryStatusFlags), (6 bytes).
    Removing uart.o(i.UART_receiveData), (26 bytes).
    Removing uart.o(i.UART_registerInterrupt), (96 bytes).
    Removing uart.o(i.UART_resetDormant), (12 bytes).
    Removing uart.o(i.UART_selectDeglitchTime), (12 bytes).
    Removing uart.o(i.UART_setDormant), (12 bytes).
    Removing uart.o(i.UART_transmitAddress), (14 bytes).
    Removing uart.o(i.UART_transmitBreak), (48 bytes).
    Removing uart.o(i.UART_unregisterInterrupt), (96 bytes).
    Removing wdt_a.o(.rev16_text), (4 bytes).
    Removing wdt_a.o(.revsh_text), (4 bytes).
    Removing wdt_a.o(.rrx_text), (6 bytes).
    Removing wdt_a.o(i.WDT_A_clearTimer), (24 bytes).
    Removing wdt_a.o(i.WDT_A_initIntervalTimer), (20 bytes).
    Removing wdt_a.o(i.WDT_A_initWatchdogTimer), (20 bytes).
    Removing wdt_a.o(i.WDT_A_registerInterrupt), (20 bytes).
    Removing wdt_a.o(i.WDT_A_setPasswordViolationReset), (4 bytes).
    Removing wdt_a.o(i.WDT_A_setTimeoutReset), (4 bytes).
    Removing wdt_a.o(i.WDT_A_startTimer), (20 bytes).
    Removing wdt_a.o(i.WDT_A_unregisterInterrupt), (18 bytes).
    Removing cpu.o(.rev16_text), (4 bytes).
    Removing cpu.o(.revsh_text), (4 bytes).
    Removing cpu.o(.rrx_text), (6 bytes).
    Removing rtc_c.o(.rev16_text), (4 bytes).
    Removing rtc_c.o(.revsh_text), (4 bytes).
    Removing rtc_c.o(.rrx_text), (6 bytes).
    Removing rtc_c.o(i.RTC_C_clearInterruptFlag), (76 bytes).
    Removing rtc_c.o(i.RTC_C_convertBCDToBinary), (12 bytes).
    Removing rtc_c.o(i.RTC_C_convertBinaryToBCD), (12 bytes).
    Removing rtc_c.o(i.RTC_C_definePrescaleEvent), (30 bytes).
    Removing rtc_c.o(i.RTC_C_disableInterrupt), (72 bytes).
    Removing rtc_c.o(i.RTC_C_enableInterrupt), (60 bytes).
    Removing rtc_c.o(i.RTC_C_getCalendarTime), (100 bytes).
    Removing rtc_c.o(i.RTC_C_getEnabledInterruptStatus), (108 bytes).
    Removing rtc_c.o(i.RTC_C_getInterruptStatus), (44 bytes).
    Removing rtc_c.o(i.RTC_C_getPrescaleValue), (28 bytes).
    Removing rtc_c.o(i.RTC_C_holdClock), (40 bytes).
    Removing rtc_c.o(i.RTC_C_initCalendar), (108 bytes).
    Removing rtc_c.o(i.RTC_C_registerInterrupt), (20 bytes).
    Removing rtc_c.o(i.RTC_C_setCalendarAlarm), (44 bytes).
    Removing rtc_c.o(i.RTC_C_setCalendarEvent), (44 bytes).
    Removing rtc_c.o(i.RTC_C_setCalibrationData), (40 bytes).
    Removing rtc_c.o(i.RTC_C_setCalibrationFrequency), (44 bytes).
    Removing rtc_c.o(i.RTC_C_setPrescaleValue), (68 bytes).
    Removing rtc_c.o(i.RTC_C_setTemperatureCompensation), (36 bytes).
    Removing rtc_c.o(i.RTC_C_startClock), (36 bytes).
    Removing rtc_c.o(i.RTC_C_unregisterInterrupt), (18 bytes).
    Removing sysctl.o(.rev16_text), (4 bytes).
    Removing sysctl.o(.revsh_text), (4 bytes).
    Removing sysctl.o(.rrx_text), (6 bytes).
    Removing sysctl.o(i.SysCtl_disableGlitchFilter), (16 bytes).
    Removing sysctl.o(i.SysCtl_disablePeripheralAtCPUHalt), (16 bytes).
    Removing sysctl.o(i.SysCtl_disableSRAMBank), (84 bytes).
    Removing sysctl.o(i.SysCtl_disableSRAMBankRetention), (24 bytes).
    Removing sysctl.o(i.SysCtl_enableGlitchFilter), (16 bytes).
    Removing sysctl.o(i.SysCtl_enablePeripheralAtCPUHalt), (16 bytes).
    Removing sysctl.o(i.SysCtl_enableSRAMBank), (24 bytes).
    Removing sysctl.o(i.SysCtl_enableSRAMBankRetention), (24 bytes).
    Removing sysctl.o(i.SysCtl_getFlashSize), (12 bytes).
    Removing sysctl.o(i.SysCtl_getSRAMSize), (12 bytes).
    Removing sysctl.o(i.SysCtl_getTLVInfo), (80 bytes).
    Removing sysctl.o(i.SysCtl_getTempCalibrationConstant), (14 bytes).
    Removing sysctl.o(i.SysCtl_rebootDevice), (16 bytes).
    Removing sysctl.o(i.SysCtl_setWDTPasswordViolationResetType), (24 bytes).
    Removing sysctl.o(i.SysCtl_setWDTTimeoutResetType), (24 bytes).
    Removing dadd.o(.text), (334 bytes).
    Removing ddiv.o(.text), (222 bytes).
    Removing dfixul.o(.text), (48 bytes).
    Removing cdrcmple.o(.text), (48 bytes).

292 unused section(s) (total 13856 bytes) removed from the image.

==============================================================================

Image Symbol Table

    Local Symbols

    Symbol Name                              Value     Ov Type        Size  Object(Section)

    RESET                                    0x00000000   Section      324  startup_msp432p401r_uvision.o(RESET)
    ../clib/../cmprslib/zerorunl2.c          0x00000000   Number         0  __dczerorl2.o ABSOLUTE
    ../clib/microlib/division.c              0x00000000   Number         0  uidiv.o ABSOLUTE
    ../clib/microlib/division.c              0x00000000   Number         0  uldiv.o ABSOLUTE
    ../clib/microlib/init/entry.s            0x00000000   Number         0  entry10b.o ABSOLUTE
    ../clib/microlib/init/entry.s            0x00000000   Number         0  entry8a.o ABSOLUTE
    ../clib/microlib/init/entry.s            0x00000000   Number         0  entry5.o ABSOLUTE
    ../clib/microlib/init/entry.s            0x00000000   Number         0  entry11a.o ABSOLUTE
    ../clib/microlib/init/entry.s            0x00000000   Number         0  entry7b.o ABSOLUTE
    ../clib/microlib/init/entry.s            0x00000000   Number         0  entry.o ABSOLUTE
    ../clib/microlib/init/entry.s            0x00000000   Number         0  entry11b.o ABSOLUTE
    ../clib/microlib/init/entry.s            0x00000000   Number         0  entry2.o ABSOLUTE
    ../clib/microlib/init/entry.s            0x00000000   Number         0  entry7a.o ABSOLUTE
    ../clib/microlib/init/entry.s            0x00000000   Number         0  entry10a.o ABSOLUTE
    ../clib/microlib/init/entry.s            0x00000000   Number         0  entry9b.o ABSOLUTE
    ../clib/microlib/init/entry.s            0x00000000   Number         0  entry9a.o ABSOLUTE
    ../clib/microlib/init/entry.s            0x00000000   Number         0  entry8b.o ABSOLUTE
    ../clib/microlib/longlong.c              0x00000000   Number         0  llsshr.o ABSOLUTE
    ../clib/microlib/longlong.c              0x00000000   Number         0  llushr.o ABSOLUTE
    ../clib/microlib/longlong.c              0x00000000   Number         0  llshl.o ABSOLUTE
    ../clib/microlib/printf/printf.c         0x00000000   Number         0  printf8.o ABSOLUTE
    ../clib/microlib/printf/printf.c         0x00000000   Number         0  printf6.o ABSOLUTE
    ../clib/microlib/printf/printf.c         0x00000000   Number         0  printf4.o ABSOLUTE
    ../clib/microlib/printf/printf.c         0x00000000   Number         0  printf3.o ABSOLUTE
    ../clib/microlib/printf/printf.c         0x00000000   Number         0  printf1.o ABSOLUTE
    ../clib/microlib/printf/printf.c         0x00000000   Number         0  printf0.o ABSOLUTE
    ../clib/microlib/printf/printf.c         0x00000000   Number         0  printfb.o ABSOLUTE
    ../clib/microlib/printf/printf.c         0x00000000   Number         0  printf5.o ABSOLUTE
    ../clib/microlib/printf/printf.c         0x00000000   Number         0  printf2.o ABSOLUTE
    ../clib/microlib/printf/printf.c         0x00000000   Number         0  printf7.o ABSOLUTE
    ../clib/microlib/printf/printf.c         0x00000000   Number         0  printfa.o ABSOLUTE
    ../clib/microlib/printf/stubs.s          0x00000000   Number         0  stubs.o ABSOLUTE
    ../clib/microlib/stdio/streams.c         0x00000000   Number         0  stdout.o ABSOLUTE
    ../clib/microlib/stubs.s                 0x00000000   Number         0  iusefp.o ABSOLUTE
    ../fplib/microlib/fpadd.c                0x00000000   Number         0  dadd.o ABSOLUTE
    ../fplib/microlib/fpdiv.c                0x00000000   Number         0  ddiv.o ABSOLUTE
    ../fplib/microlib/fpepilogue.c           0x00000000   Number         0  depilogue.o ABSOLUTE
    ../fplib/microlib/fpfix.c                0x00000000   Number         0  dfixi.o ABSOLUTE
    ../fplib/microlib/fpfix.c                0x00000000   Number         0  dfixul.o ABSOLUTE
    ../fplib/microlib/fpflt.c                0x00000000   Number         0  dflti.o ABSOLUTE
    ../fplib/microlib/fpmul.c                0x00000000   Number         0  dmul.o ABSOLUTE
    ..\Hardware\ADS1292R.c                   0x00000000   Number         0  ads1292r.o ABSOLUTE
    ..\Hardware\ECG_process.c                0x00000000   Number         0  ecg_process.o ABSOLUTE
    ..\Hardware\key.c                        0x00000000   Number         0  key.o ABSOLUTE
    ..\Hardware\mygpio.c                     0x00000000   Number         0  mygpio.o ABSOLUTE
    ..\Hardware\myspi.c                      0x00000000   Number         0  myspi.o ABSOLUTE
    ..\System\mydelay.c                      0x00000000   Number         0  mydelay.o ABSOLUTE
    ..\System\mysysclk.c                     0x00000000   Number         0  mysysclk.o ABSOLUTE
    ..\System\myusart.c                      0x00000000   Number         0  myusart.o ABSOLUTE
    ..\\Hardware\\ADS1292R.c                 0x00000000   Number         0  ads1292r.o ABSOLUTE
    ..\\Hardware\\ECG_process.c              0x00000000   Number         0  ecg_process.o ABSOLUTE
    ..\\Hardware\\key.c                      0x00000000   Number         0  key.o ABSOLUTE
    ..\\Hardware\\mygpio.c                   0x00000000   Number         0  mygpio.o ABSOLUTE
    ..\\Hardware\\myspi.c                    0x00000000   Number         0  myspi.o ABSOLUTE
    ..\\System\\mydelay.c                    0x00000000   Number         0  mydelay.o ABSOLUTE
    ..\\System\\mysysclk.c                   0x00000000   Number         0  mysysclk.o ABSOLUTE
    ..\\System\\myusart.c                    0x00000000   Number         0  myusart.o ABSOLUTE
    RTE\Device\MSP432P401R\startup_msp432p401r_uvision.s 0x00000000   Number         0  startup_msp432p401r_uvision.o ABSOLUTE
    RTE\Device\MSP432P401R\system_msp432p401r.c 0x00000000   Number         0  system_msp432p401r.o ABSOLUTE
    RTE\\Device\\MSP432P401R\\system_msp432p401r.c 0x00000000   Number         0  system_msp432p401r.o ABSOLUTE
    cdrcmple.s                               0x00000000   Number         0  cdrcmple.o ABSOLUTE
    cpu.c                                    0x00000000   Number         0  cpu.o ABSOLUTE
    cpu.c                                    0x00000000   Number         0  cpu.o ABSOLUTE
    cs.c                                     0x00000000   Number         0  cs.o ABSOLUTE
    cs.c                                     0x00000000   Number         0  cs.o ABSOLUTE
    dc.s                                     0x00000000   Number         0  dc.o ABSOLUTE
    flash.c                                  0x00000000   Number         0  flash.o ABSOLUTE
    flash.c                                  0x00000000   Number         0  flash.o ABSOLUTE
    gpio.c                                   0x00000000   Number         0  gpio.o ABSOLUTE
    gpio.c                                   0x00000000   Number         0  gpio.o ABSOLUTE
    handlers.s                               0x00000000   Number         0  handlers.o ABSOLUTE
    init.s                                   0x00000000   Number         0  init.o ABSOLUTE
    interrupt.c                              0x00000000   Number         0  interrupt.o ABSOLUTE
    interrupt.c                              0x00000000   Number         0  interrupt.o ABSOLUTE
    main.c                                   0x00000000   Number         0  main.o ABSOLUTE
    main.c                                   0x00000000   Number         0  main.o ABSOLUTE
    pcm.c                                    0x00000000   Number         0  pcm.o ABSOLUTE
    pcm.c                                    0x00000000   Number         0  pcm.o ABSOLUTE
    rtc_c.c                                  0x00000000   Number         0  rtc_c.o ABSOLUTE
    rtc_c.c                                  0x00000000   Number         0  rtc_c.o ABSOLUTE
    spi.c                                    0x00000000   Number         0  spi.o ABSOLUTE
    spi.c                                    0x00000000   Number         0  spi.o ABSOLUTE
    sysctl.c                                 0x00000000   Number         0  sysctl.o ABSOLUTE
    sysctl.c                                 0x00000000   Number         0  sysctl.o ABSOLUTE
    uart.c                                   0x00000000   Number         0  uart.o ABSOLUTE
    uart.c                                   0x00000000   Number         0  uart.o ABSOLUTE
    wdt_a.c                                  0x00000000   Number         0  wdt_a.o ABSOLUTE
    wdt_a.c                                  0x00000000   Number         0  wdt_a.o ABSOLUTE
    .ARM.Collect$$$$00000000                 0x00000144   Section        0  entry.o(.ARM.Collect$$$$00000000)
    .ARM.Collect$$$$00000001                 0x00000144   Section        4  entry2.o(.ARM.Collect$$$$00000001)
    .ARM.Collect$$$$00000004                 0x00000148   Section        4  entry5.o(.ARM.Collect$$$$00000004)
    .ARM.Collect$$$$00000008                 0x0000014c   Section        0  entry7b.o(.ARM.Collect$$$$00000008)
    .ARM.Collect$$$$0000000A                 0x0000014c   Section        0  entry8b.o(.ARM.Collect$$$$0000000A)
    .ARM.Collect$$$$0000000B                 0x0000014c   Section        8  entry9a.o(.ARM.Collect$$$$0000000B)
    .ARM.Collect$$$$0000000D                 0x00000154   Section        0  entry10a.o(.ARM.Collect$$$$0000000D)
    .ARM.Collect$$$$0000000F                 0x00000154   Section        0  entry11a.o(.ARM.Collect$$$$0000000F)
    .ARM.Collect$$$$00002712                 0x00000154   Section        4  entry2.o(.ARM.Collect$$$$00002712)
    __lit__00000000                          0x00000154   Data           4  entry2.o(.ARM.Collect$$$$00002712)
    .emb_text                                0x00000158   Section       38  cpu.o(.emb_text)
    $v0                                      0x00000158   Number         0  cpu.o(.emb_text)
    .text                                    0x00000180   Section       36  startup_msp432p401r_uvision.o(.text)
    $v0                                      0x00000180   Number         0  startup_msp432p401r_uvision.o(.text)
    .text                                    0x000001a4   Section        0  dmul.o(.text)
    .text                                    0x00000288   Section        0  dflti.o(.text)
    .text                                    0x000002aa   Section        0  dfixi.o(.text)
    .text                                    0x000002e8   Section        0  uidiv.o(.text)
    .text                                    0x00000314   Section        0  llushr.o(.text)
    .text                                    0x00000334   Section        0  iusefp.o(.text)
    .text                                    0x00000334   Section        0  depilogue.o(.text)
    .text                                    0x000003f0   Section       36  init.o(.text)
    .text                                    0x00000414   Section        0  llshl.o(.text)
    .text                                    0x00000432   Section        0  __dczerorl2.o(.text)
    i.ADS1292R_CMD                           0x00000488   Section        0  ads1292r.o(i.ADS1292R_CMD)
    i.ADS1292R_Init                          0x000004b0   Section        0  ads1292r.o(i.ADS1292R_Init)
    i.ADS1292R_PowerOnInit                   0x000004e4   Section        0  ads1292r.o(i.ADS1292R_PowerOnInit)
    i.ADS1292R_REG                           0x000005e0   Section        0  ads1292r.o(i.ADS1292R_REG)
    i.ADS1292R_ReadData                      0x00000630   Section        0  ads1292r.o(i.ADS1292R_ReadData)
    i.ADS1292R_SPI_RW                        0x0000067c   Section        0  ads1292r.o(i.ADS1292R_SPI_RW)
    i.ADS1292R_Work                          0x00000690   Section        0  ads1292r.o(i.ADS1292R_Work)
    i.CS_initClockSignal                     0x000006cc   Section        0  cs.o(i.CS_initClockSignal)
    i.CS_setDCOCenteredFrequency             0x000007c8   Section        0  cs.o(i.CS_setDCOCenteredFrequency)
    i.CS_setExternalClockSourceFrequency     0x000007ec   Section        0  cs.o(i.CS_setExternalClockSourceFrequency)
    i.CS_startHFXT                           0x000007f8   Section        0  cs.o(i.CS_startHFXT)
    i.CS_startHFXTWithTimeout                0x00000800   Section        0  cs.o(i.CS_startHFXTWithTimeout)
    i.ECG_FIR_filter                         0x00000944   Section        0  ecg_process.o(i.ECG_FIR_filter)
    i.ECG_IIR_filter                         0x000009a4   Section        0  ecg_process.o(i.ECG_IIR_filter)
    i.EUSCIA0_IRQHandler                     0x00000a54   Section        0  myusart.o(i.EUSCIA0_IRQHandler)
    i.EUSCIB0_IRQHandler                     0x00000a7c   Section        0  myspi.o(i.EUSCIB0_IRQHandler)
    i.FlashCtl_setWaitState                  0x00000ab8   Section        0  flash.o(i.FlashCtl_setWaitState)
    i.GPIO_clearInterruptFlag                0x00000ae4   Section        0  gpio.o(i.GPIO_clearInterruptFlag)
    i.GPIO_disableInterrupt                  0x00000af8   Section        0  gpio.o(i.GPIO_disableInterrupt)
    i.GPIO_enableInterrupt                   0x00000b0c   Section        0  gpio.o(i.GPIO_enableInterrupt)
    i.GPIO_getEnabledInterruptStatus         0x00000b20   Section        0  gpio.o(i.GPIO_getEnabledInterruptStatus)
    i.GPIO_interruptEdgeSelect               0x00000b54   Section        0  gpio.o(i.GPIO_interruptEdgeSelect)
    i.GPIO_setAsInputPinWithPullUpResistor   0x00000b70   Section        0  gpio.o(i.GPIO_setAsInputPinWithPullUpResistor)
    i.GPIO_setAsOutputPin                    0x00000b9c   Section        0  gpio.o(i.GPIO_setAsOutputPin)
    i.GPIO_setAsPeripheralModuleFunctionInputPin 0x00000bbc   Section        0  gpio.o(i.GPIO_setAsPeripheralModuleFunctionInputPin)
    i.GPIO_setAsPeripheralModuleFunctionOutputPin 0x00000c04   Section        0  gpio.o(i.GPIO_setAsPeripheralModuleFunctionOutputPin)
    i.GPIO_setOutputHighOnPin                0x00000c4c   Section        0  gpio.o(i.GPIO_setOutputHighOnPin)
    i.GPIO_setOutputLowOnPin                 0x00000c60   Section        0  gpio.o(i.GPIO_setOutputLowOnPin)
    i.Interrupt_enableInterrupt              0x00000c74   Section        0  interrupt.o(i.Interrupt_enableInterrupt)
    i.Interrupt_enableMaster                 0x00000cd8   Section        0  interrupt.o(i.Interrupt_enableMaster)
    i.PCM_getCoreVoltageLevel                0x00000ce8   Section        0  pcm.o(i.PCM_getCoreVoltageLevel)
    i.PCM_getPowerMode                       0x00000d34   Section        0  pcm.o(i.PCM_getPowerMode)
    i.PCM_setCoreVoltageLevel                0x00000d78   Section        0  pcm.o(i.PCM_setCoreVoltageLevel)
    i.PORT1_IRQHandler                       0x00000d80   Section        0  key.o(i.PORT1_IRQHandler)
    i.PORT4_IRQHandler                       0x00000db8   Section        0  ads1292r.o(i.PORT4_IRQHandler)
    i.SPI_RW                                 0x00000ddc   Section        0  myspi.o(i.SPI_RW)
    i.SPI_clearInterruptFlag                 0x00000e14   Section        0  spi.o(i.SPI_clearInterruptFlag)
    i.SPI_enableInterrupt                    0x00000e38   Section        0  spi.o(i.SPI_enableInterrupt)
    i.SPI_enableModule                       0x00000e58   Section        0  spi.o(i.SPI_enableModule)
    i.SPI_getEnabledInterruptStatus          0x00000e6e   Section        0  spi.o(i.SPI_getEnabledInterruptStatus)
    i.SPI_getInterruptStatus                 0x00000eaa   Section        0  spi.o(i.SPI_getInterruptStatus)
    i.SPI_initMaster                         0x00000ec2   Section        0  spi.o(i.SPI_initMaster)
    i.SPI_receiveData                        0x00000f28   Section        0  spi.o(i.SPI_receiveData)
    i.SPI_transmitData                       0x00000f36   Section        0  spi.o(i.SPI_transmitData)
    i.SysCtl_disableNMISource                0x00000f48   Section        0  sysctl.o(i.SysCtl_disableNMISource)
    i.SysCtl_enableNMISource                 0x00000f58   Section        0  sysctl.o(i.SysCtl_enableNMISource)
    i.SysCtl_getNMISourceStatus              0x00000f68   Section        0  sysctl.o(i.SysCtl_getNMISourceStatus)
    i.SystemInit                             0x00000f74   Section        0  system_msp432p401r.o(i.SystemInit)
    i.UART_clearInterruptFlag                0x00001024   Section        0  uart.o(i.UART_clearInterruptFlag)
    i.UART_enableInterrupt                   0x0000102e   Section        0  uart.o(i.UART_enableInterrupt)
    i.UART_enableModule                      0x00001044   Section        0  uart.o(i.UART_enableModule)
    i.UART_getEnabledInterruptStatus         0x00001050   Section        0  uart.o(i.UART_getEnabledInterruptStatus)
    i.UART_initModule                        0x00001072   Section        0  uart.o(i.UART_initModule)
    i.UART_transmitData                      0x000010fa   Section        0  uart.o(i.UART_transmitData)
    i.WDT_A_holdTimer                        0x00001114   Section        0  wdt_a.o(i.WDT_A_holdTimer)
    i.__0printf$1                            0x0000112c   Section        0  printf1.o(i.__0printf$1)
    i.__PCM_setCoreVoltageLevelAdvanced      0x0000114c   Section        0  pcm.o(i.__PCM_setCoreVoltageLevelAdvanced)
    __PCM_setCoreVoltageLevelAdvanced        0x0000114d   Thumb Code   242  pcm.o(i.__PCM_setCoreVoltageLevelAdvanced)
    i.__PCM_setPowerModeAdvanced             0x0000124c   Section        0  pcm.o(i.__PCM_setPowerModeAdvanced)
    __PCM_setPowerModeAdvanced               0x0000124d   Thumb Code   200  pcm.o(i.__PCM_setPowerModeAdvanced)
    i.__scatterload_copy                     0x00001330   Section       14  handlers.o(i.__scatterload_copy)
    i.__scatterload_null                     0x0000133e   Section        2  handlers.o(i.__scatterload_null)
    i.__scatterload_zeroinit                 0x00001340   Section       14  handlers.o(i.__scatterload_zeroinit)
    i._printf_core                           0x00001350   Section        0  printf1.o(i._printf_core)
    _printf_core                             0x00001351   Thumb Code   336  printf1.o(i._printf_core)
    i.cal_rate                               0x000014a4   Section        0  ecg_process.o(i.cal_rate)
    i.clk_init                               0x000016e4   Section        0  mysysclk.o(i.clk_init)
    i.data_tran                              0x00001728   Section        0  ecg_process.o(i.data_tran)
    i.delay_init                             0x000017d0   Section        0  mydelay.o(i.delay_init)
    i.delay_ms                               0x000017e4   Section        0  mydelay.o(i.delay_ms)
    i.delay_us                               0x000017fc   Section        0  mydelay.o(i.delay_us)
    i.fputc                                  0x00001848   Section        0  myusart.o(i.fputc)
    i.is_A_Module                            0x00001860   Section        0  spi.o(i.is_A_Module)
    is_A_Module                              0x00001861   Thumb Code    46  spi.o(i.is_A_Module)
    i.key_init                               0x0000188e   Section        0  key.o(i.key_init)
    i.main                                   0x000018b0   Section        0  main.o(i.main)
    i.print_ecg_32byte                       0x0000191c   Section        0  myusart.o(i.print_ecg_32byte)
    i.spi_init                               0x0000196c   Section        0  myspi.o(i.spi_init)
    i.usart_init                             0x000019ac   Section        0  myusart.o(i.usart_init)
    .constdata                               0x000019e8   Section       28  myspi.o(.constdata)
    .constdata                               0x00001a04   Section       36  myusart.o(.constdata)
    .constdata                               0x00001a28   Section      144  interrupt.o(.constdata)
    g_pulEnRegs                              0x00001a28   Data           8  interrupt.o(.constdata)
    g_pulDisRegs                             0x00001a30   Data           8  interrupt.o(.constdata)
    g_pulPendRegs                            0x00001a38   Data           8  interrupt.o(.constdata)
    g_pulUnpendRegs                          0x00001a40   Data           8  interrupt.o(.constdata)
    g_pulPriority                            0x00001a48   Data          32  interrupt.o(.constdata)
    g_pulRegs                                0x00001a68   Data          80  interrupt.o(.constdata)
    .data                                    0x20000000   Section        2  ads1292r.o(.data)
    .data                                    0x20000004   Section      366  ecg_process.o(.data)
    temp                                     0x20000158   Data           2  ecg_process.o(.data)
    pre_dc_sample                            0x2000015a   Data           2  ecg_process.o(.data)
    pre_sample                               0x2000015c   Data           2  ecg_process.o(.data)
    ECG_bufCur                               0x2000015e   Data           2  ecg_process.o(.data)
    pointer                                  0x20000160   Data           1  ecg_process.o(.data)
    time_label                               0x20000162   Data           2  ecg_process.o(.data)
    time_pointer1                            0x20000164   Data           1  ecg_process.o(.data)
    time_pointer2                            0x20000165   Data           1  ecg_process.o(.data)
    begin_flag                               0x20000166   Data           2  ecg_process.o(.data)
    time_pointer                             0x20000168   Data           2  ecg_process.o(.data)
    max_m1                                   0x2000016a   Data           2  ecg_process.o(.data)
    max_der                                  0x2000016c   Data           2  ecg_process.o(.data)
    temp1                                    0x2000016e   Data           2  ecg_process.o(.data)
    temp2                                    0x20000170   Data           2  ecg_process.o(.data)
    .data                                    0x20000172   Section        1  myspi.o(.data)
    .data                                    0x20000173   Section        1  mydelay.o(.data)
    fac_us                                   0x20000173   Data           1  mydelay.o(.data)
    .data                                    0x20000174   Section        8  cs.o(.data)
    hfxtFreq                                 0x20000174   Data           4  cs.o(.data)
    lfxtFreq                                 0x20000178   Data           4  cs.o(.data)
    .data                                    0x2000017c   Section       48  gpio.o(.data)
    GPIO_PORT_TO_BASE                        0x2000017c   Data          48  gpio.o(.data)
    .data                                    0x200001ac   Section        4  stdout.o(.data)
    .bss                                     0x200001b0   Section        9  ads1292r.o(.bss)
    .bss                                     0x200001ba   Section     3976  ecg_process.o(.bss)
    ECG_WorkingBuff                          0x200002fc   Data         644  ecg_process.o(.bss)
    ecg_pre                                  0x20000580   Data          10  ecg_process.o(.bss)
    der_buffer                               0x2000058a   Data        3000  ecg_process.o(.bss)
    STACK                                    0x20001148   Section      512  startup_msp432p401r_uvision.o(STACK)

    Global Symbols

    Symbol Name                              Value     Ov Type        Size  Object(Section)

    BuildAttributes$$THM_ISAv4$E$P$D$K$B$S$7EM$VFPi3$EXTD16$VFPS$VFMA$PE$A:L22UL41UL21$X:L11$S22US41US21$IEEE1$IW$USESV6$~STKCKD$USESV7$~SHL$OTIME$ROPI$EBA8$MICROLIB$REQ8$PRES8$EABIv2 0x00000000   Number         0  anon$$obj.o ABSOLUTE
    __ARM_use_no_argv                        0x00000000   Number         0  main.o ABSOLUTE
    __Vectors                                0x00000000   Data           4  startup_msp432p401r_uvision.o(RESET)
    _printf_a                                0x00000000   Number         0  stubs.o ABSOLUTE
    _printf_c                                0x00000000   Number         0  stubs.o ABSOLUTE
    _printf_charcount                        0x00000000   Number         0  stubs.o ABSOLUTE
    _printf_d                                0x00000000   Number         0  stubs.o ABSOLUTE
    _printf_e                                0x00000000   Number         0  stubs.o ABSOLUTE
    _printf_f                                0x00000000   Number         0  stubs.o ABSOLUTE
    _printf_flags                            0x00000000   Number         0  stubs.o ABSOLUTE
    _printf_fp_dec                           0x00000000   Number         0  stubs.o ABSOLUTE
    _printf_fp_hex                           0x00000000   Number         0  stubs.o ABSOLUTE
    _printf_g                                0x00000000   Number         0  stubs.o ABSOLUTE
    _printf_i                                0x00000000   Number         0  stubs.o ABSOLUTE
    _printf_int_dec                          0x00000000   Number         0  stubs.o ABSOLUTE
    _printf_l                                0x00000000   Number         0  stubs.o ABSOLUTE
    _printf_lc                               0x00000000   Number         0  stubs.o ABSOLUTE
    _printf_ll                               0x00000000   Number         0  stubs.o ABSOLUTE
    _printf_lld                              0x00000000   Number         0  stubs.o ABSOLUTE
    _printf_lli                              0x00000000   Number         0  stubs.o ABSOLUTE
    _printf_llo                              0x00000000   Number         0  stubs.o ABSOLUTE
    _printf_llu                              0x00000000   Number         0  stubs.o ABSOLUTE
    _printf_llx                              0x00000000   Number         0  stubs.o ABSOLUTE
    _printf_longlong_dec                     0x00000000   Number         0  stubs.o ABSOLUTE
    _printf_longlong_hex                     0x00000000   Number         0  stubs.o ABSOLUTE
    _printf_longlong_oct                     0x00000000   Number         0  stubs.o ABSOLUTE
    _printf_ls                               0x00000000   Number         0  stubs.o ABSOLUTE
    _printf_mbtowc                           0x00000000   Number         0  stubs.o ABSOLUTE
    _printf_n                                0x00000000   Number         0  stubs.o ABSOLUTE
    _printf_o                                0x00000000   Number         0  stubs.o ABSOLUTE
    _printf_p                                0x00000000   Number         0  stubs.o ABSOLUTE
    _printf_percent                          0x00000000   Number         0  stubs.o ABSOLUTE
    _printf_pre_padding                      0x00000000   Number         0  stubs.o ABSOLUTE
    _printf_return_value                     0x00000000   Number         0  stubs.o ABSOLUTE
    _printf_s                                0x00000000   Number         0  stubs.o ABSOLUTE
    _printf_sizespec                         0x00000000   Number         0  stubs.o ABSOLUTE
    _printf_str                              0x00000000   Number         0  stubs.o ABSOLUTE
    _printf_truncate_signed                  0x00000000   Number         0  stubs.o ABSOLUTE
    _printf_truncate_unsigned                0x00000000   Number         0  stubs.o ABSOLUTE
    _printf_u                                0x00000000   Number         0  stubs.o ABSOLUTE
    _printf_wc                               0x00000000   Number         0  stubs.o ABSOLUTE
    _printf_wctomb                           0x00000000   Number         0  stubs.o ABSOLUTE
    _printf_widthprec                        0x00000000   Number         0  stubs.o ABSOLUTE
    _printf_x                                0x00000000   Number         0  stubs.o ABSOLUTE
    __cpp_initialize__aeabi_                  - Undefined Weak Reference
    __cxa_finalize                            - Undefined Weak Reference
    _clock_init                               - Undefined Weak Reference
    _microlib_exit                            - Undefined Weak Reference
    __Vectors_End                            0x00000144   Data           0  startup_msp432p401r_uvision.o(RESET)
    __Vectors_Size                           0x00000144   Number         0  startup_msp432p401r_uvision.o ABSOLUTE
    __main                                   0x00000145   Thumb Code     0  entry.o(.ARM.Collect$$$$00000000)
    _main_stk                                0x00000145   Thumb Code     0  entry2.o(.ARM.Collect$$$$00000001)
    _main_scatterload                        0x00000149   Thumb Code     0  entry5.o(.ARM.Collect$$$$00000004)
    __main_after_scatterload                 0x0000014d   Thumb Code     0  entry5.o(.ARM.Collect$$$$00000004)
    _main_clock                              0x0000014d   Thumb Code     0  entry7b.o(.ARM.Collect$$$$00000008)
    _main_cpp_init                           0x0000014d   Thumb Code     0  entry8b.o(.ARM.Collect$$$$0000000A)
    _main_init                               0x0000014d   Thumb Code     0  entry9a.o(.ARM.Collect$$$$0000000B)
    __rt_final_cpp                           0x00000155   Thumb Code     0  entry10a.o(.ARM.Collect$$$$0000000D)
    __rt_final_exit                          0x00000155   Thumb Code     0  entry11a.o(.ARM.Collect$$$$0000000F)
    CPU_cpsid                                0x00000159   Thumb Code     8  cpu.o(.emb_text)
    CPU_primask                              0x00000161   Thumb Code     6  cpu.o(.emb_text)
    CPU_cpsie                                0x00000167   Thumb Code     8  cpu.o(.emb_text)
    CPU_wfi                                  0x0000016f   Thumb Code     4  cpu.o(.emb_text)
    CPU_basepriSet                           0x00000173   Thumb Code     6  cpu.o(.emb_text)
    CPU_basepriGet                           0x00000179   Thumb Code     6  cpu.o(.emb_text)
    Reset_Handler                            0x00000181   Thumb Code     8  startup_msp432p401r_uvision.o(.text)
    NMI_Handler                              0x00000189   Thumb Code     2  startup_msp432p401r_uvision.o(.text)
    HardFault_Handler                        0x0000018b   Thumb Code     2  startup_msp432p401r_uvision.o(.text)
    MemManage_Handler                        0x0000018d   Thumb Code     2  startup_msp432p401r_uvision.o(.text)
    BusFault_Handler                         0x0000018f   Thumb Code     2  startup_msp432p401r_uvision.o(.text)
    UsageFault_Handler                       0x00000191   Thumb Code     2  startup_msp432p401r_uvision.o(.text)
    SVC_Handler                              0x00000193   Thumb Code     2  startup_msp432p401r_uvision.o(.text)
    DebugMon_Handler                         0x00000195   Thumb Code     2  startup_msp432p401r_uvision.o(.text)
    PendSV_Handler                           0x00000197   Thumb Code     2  startup_msp432p401r_uvision.o(.text)
    SysTick_Handler                          0x00000199   Thumb Code     2  startup_msp432p401r_uvision.o(.text)
    ADC14_IRQHandler                         0x0000019b   Thumb Code     0  startup_msp432p401r_uvision.o(.text)
    AES256_IRQHandler                        0x0000019b   Thumb Code     0  startup_msp432p401r_uvision.o(.text)
    COMP_E0_IRQHandler                       0x0000019b   Thumb Code     0  startup_msp432p401r_uvision.o(.text)
    COMP_E1_IRQHandler                       0x0000019b   Thumb Code     0  startup_msp432p401r_uvision.o(.text)
    CS_IRQHandler                            0x0000019b   Thumb Code     0  startup_msp432p401r_uvision.o(.text)
    DMA_ERR_IRQHandler                       0x0000019b   Thumb Code     0  startup_msp432p401r_uvision.o(.text)
    DMA_INT0_IRQHandler                      0x0000019b   Thumb Code     0  startup_msp432p401r_uvision.o(.text)
    DMA_INT1_IRQHandler                      0x0000019b   Thumb Code     0  startup_msp432p401r_uvision.o(.text)
    DMA_INT2_IRQHandler                      0x0000019b   Thumb Code     0  startup_msp432p401r_uvision.o(.text)
    DMA_INT3_IRQHandler                      0x0000019b   Thumb Code     0  startup_msp432p401r_uvision.o(.text)
    EUSCIA1_IRQHandler                       0x0000019b   Thumb Code     0  startup_msp432p401r_uvision.o(.text)
    EUSCIA2_IRQHandler                       0x0000019b   Thumb Code     0  startup_msp432p401r_uvision.o(.text)
    EUSCIA3_IRQHandler                       0x0000019b   Thumb Code     0  startup_msp432p401r_uvision.o(.text)
    EUSCIB1_IRQHandler                       0x0000019b   Thumb Code     0  startup_msp432p401r_uvision.o(.text)
    EUSCIB2_IRQHandler                       0x0000019b   Thumb Code     0  startup_msp432p401r_uvision.o(.text)
    EUSCIB3_IRQHandler                       0x0000019b   Thumb Code     0  startup_msp432p401r_uvision.o(.text)
    FLCTL_IRQHandler                         0x0000019b   Thumb Code     0  startup_msp432p401r_uvision.o(.text)
    FPU_IRQHandler                           0x0000019b   Thumb Code     0  startup_msp432p401r_uvision.o(.text)
    PCM_IRQHandler                           0x0000019b   Thumb Code     0  startup_msp432p401r_uvision.o(.text)
    PORT2_IRQHandler                         0x0000019b   Thumb Code     0  startup_msp432p401r_uvision.o(.text)
    PORT3_IRQHandler                         0x0000019b   Thumb Code     0  startup_msp432p401r_uvision.o(.text)
    PORT5_IRQHandler                         0x0000019b   Thumb Code     0  startup_msp432p401r_uvision.o(.text)
    PORT6_IRQHandler                         0x0000019b   Thumb Code     0  startup_msp432p401r_uvision.o(.text)
    PSS_IRQHandler                           0x0000019b   Thumb Code     0  startup_msp432p401r_uvision.o(.text)
    RTC_C_IRQHandler                         0x0000019b   Thumb Code     0  startup_msp432p401r_uvision.o(.text)
    T32_INT1_IRQHandler                      0x0000019b   Thumb Code     0  startup_msp432p401r_uvision.o(.text)
    T32_INT2_IRQHandler                      0x0000019b   Thumb Code     0  startup_msp432p401r_uvision.o(.text)
    T32_INTC_IRQHandler                      0x0000019b   Thumb Code     0  startup_msp432p401r_uvision.o(.text)
    TA0_0_IRQHandler                         0x0000019b   Thumb Code     0  startup_msp432p401r_uvision.o(.text)
    TA0_N_IRQHandler                         0x0000019b   Thumb Code     0  startup_msp432p401r_uvision.o(.text)
    TA1_0_IRQHandler                         0x0000019b   Thumb Code     0  startup_msp432p401r_uvision.o(.text)
    TA1_N_IRQHandler                         0x0000019b   Thumb Code     0  startup_msp432p401r_uvision.o(.text)
    TA2_0_IRQHandler                         0x0000019b   Thumb Code     0  startup_msp432p401r_uvision.o(.text)
    TA2_N_IRQHandler                         0x0000019b   Thumb Code     0  startup_msp432p401r_uvision.o(.text)
    TA3_0_IRQHandler                         0x0000019b   Thumb Code     0  startup_msp432p401r_uvision.o(.text)
    TA3_N_IRQHandler                         0x0000019b   Thumb Code     0  startup_msp432p401r_uvision.o(.text)
    WDT_A_IRQHandler                         0x0000019b   Thumb Code     0  startup_msp432p401r_uvision.o(.text)
    __aeabi_dmul                             0x000001a5   Thumb Code   228  dmul.o(.text)
    __aeabi_i2d                              0x00000289   Thumb Code    34  dflti.o(.text)
    __aeabi_d2iz                             0x000002ab   Thumb Code    62  dfixi.o(.text)
    __aeabi_uidiv                            0x000002e9   Thumb Code     0  uidiv.o(.text)
    __aeabi_uidivmod                         0x000002e9   Thumb Code    44  uidiv.o(.text)
    __aeabi_llsr                             0x00000315   Thumb Code    32  llushr.o(.text)
    _ll_ushift_r                             0x00000315   Thumb Code     0  llushr.o(.text)
    __I$use$fp                               0x00000335   Thumb Code     0  iusefp.o(.text)
    _double_round                            0x00000335   Thumb Code    30  depilogue.o(.text)
    _double_epilogue                         0x00000353   Thumb Code   156  depilogue.o(.text)
    __scatterload                            0x000003f1   Thumb Code    28  init.o(.text)
    __scatterload_rt2                        0x000003f1   Thumb Code     0  init.o(.text)
    __aeabi_llsl                             0x00000415   Thumb Code    30  llshl.o(.text)
    _ll_shift_l                              0x00000415   Thumb Code     0  llshl.o(.text)
    __decompress                             0x00000433   Thumb Code     0  __dczerorl2.o(.text)
    __decompress1                            0x00000433   Thumb Code    86  __dczerorl2.o(.text)
    ADS1292R_CMD                             0x00000489   Thumb Code    40  ads1292r.o(i.ADS1292R_CMD)
    ADS1292R_Init                            0x000004b1   Thumb Code    52  ads1292r.o(i.ADS1292R_Init)
    ADS1292R_PowerOnInit                     0x000004e5   Thumb Code   224  ads1292r.o(i.ADS1292R_PowerOnInit)
    ADS1292R_REG                             0x000005e1   Thumb Code    74  ads1292r.o(i.ADS1292R_REG)
    ADS1292R_ReadData                        0x00000631   Thumb Code    70  ads1292r.o(i.ADS1292R_ReadData)
    ADS1292R_SPI_RW                          0x0000067d   Thumb Code    16  ads1292r.o(i.ADS1292R_SPI_RW)
    ADS1292R_Work                            0x00000691   Thumb Code    58  ads1292r.o(i.ADS1292R_Work)
    CS_initClockSignal                       0x000006cd   Thumb Code   222  cs.o(i.CS_initClockSignal)
    CS_setDCOCenteredFrequency               0x000007c9   Thumb Code    28  cs.o(i.CS_setDCOCenteredFrequency)
    CS_setExternalClockSourceFrequency       0x000007ed   Thumb Code     8  cs.o(i.CS_setExternalClockSourceFrequency)
    CS_startHFXT                             0x000007f9   Thumb Code     6  cs.o(i.CS_startHFXT)
    CS_startHFXTWithTimeout                  0x00000801   Thumb Code   262  cs.o(i.CS_startHFXTWithTimeout)
    ECG_FIR_filter                           0x00000945   Thumb Code    86  ecg_process.o(i.ECG_FIR_filter)
    ECG_IIR_filter                           0x000009a5   Thumb Code   148  ecg_process.o(i.ECG_IIR_filter)
    EUSCIA0_IRQHandler                       0x00000a55   Thumb Code    34  myusart.o(i.EUSCIA0_IRQHandler)
    EUSCIB0_IRQHandler                       0x00000a7d   Thumb Code    50  myspi.o(i.EUSCIB0_IRQHandler)
    FlashCtl_setWaitState                    0x00000ab9   Thumb Code    38  flash.o(i.FlashCtl_setWaitState)
    GPIO_clearInterruptFlag                  0x00000ae5   Thumb Code    16  gpio.o(i.GPIO_clearInterruptFlag)
    GPIO_disableInterrupt                    0x00000af9   Thumb Code    16  gpio.o(i.GPIO_disableInterrupt)
    GPIO_enableInterrupt                     0x00000b0d   Thumb Code    14  gpio.o(i.GPIO_enableInterrupt)
    GPIO_getEnabledInterruptStatus           0x00000b21   Thumb Code    48  gpio.o(i.GPIO_getEnabledInterruptStatus)
    GPIO_interruptEdgeSelect                 0x00000b55   Thumb Code    22  gpio.o(i.GPIO_interruptEdgeSelect)
    GPIO_setAsInputPinWithPullUpResistor     0x00000b71   Thumb Code    38  gpio.o(i.GPIO_setAsInputPinWithPullUpResistor)
    GPIO_setAsOutputPin                      0x00000b9d   Thumb Code    26  gpio.o(i.GPIO_setAsOutputPin)
    GPIO_setAsPeripheralModuleFunctionInputPin 0x00000bbd   Thumb Code    68  gpio.o(i.GPIO_setAsPeripheralModuleFunctionInputPin)
    GPIO_setAsPeripheralModuleFunctionOutputPin 0x00000c05   Thumb Code    68  gpio.o(i.GPIO_setAsPeripheralModuleFunctionOutputPin)
    GPIO_setOutputHighOnPin                  0x00000c4d   Thumb Code    14  gpio.o(i.GPIO_setOutputHighOnPin)
    GPIO_setOutputLowOnPin                   0x00000c61   Thumb Code    16  gpio.o(i.GPIO_setOutputLowOnPin)
    Interrupt_enableInterrupt                0x00000c75   Thumb Code    92  interrupt.o(i.Interrupt_enableInterrupt)
    Interrupt_enableMaster                   0x00000cd9   Thumb Code    14  interrupt.o(i.Interrupt_enableMaster)
    PCM_getCoreVoltageLevel                  0x00000ce9   Thumb Code    70  pcm.o(i.PCM_getCoreVoltageLevel)
    PCM_getPowerMode                         0x00000d35   Thumb Code    62  pcm.o(i.PCM_getPowerMode)
    PCM_setCoreVoltageLevel                  0x00000d79   Thumb Code     8  pcm.o(i.PCM_setCoreVoltageLevel)
    PORT1_IRQHandler                         0x00000d81   Thumb Code    52  key.o(i.PORT1_IRQHandler)
    PORT4_IRQHandler                         0x00000db9   Thumb Code    32  ads1292r.o(i.PORT4_IRQHandler)
    SPI_RW                                   0x00000ddd   Thumb Code    46  myspi.o(i.SPI_RW)
    SPI_clearInterruptFlag                   0x00000e15   Thumb Code    36  spi.o(i.SPI_clearInterruptFlag)
    SPI_enableInterrupt                      0x00000e39   Thumb Code    32  spi.o(i.SPI_enableInterrupt)
    SPI_enableModule                         0x00000e59   Thumb Code    22  spi.o(i.SPI_enableModule)
    SPI_getEnabledInterruptStatus            0x00000e6f   Thumb Code    60  spi.o(i.SPI_getEnabledInterruptStatus)
    SPI_getInterruptStatus                   0x00000eab   Thumb Code    24  spi.o(i.SPI_getInterruptStatus)
    SPI_initMaster                           0x00000ec3   Thumb Code   102  spi.o(i.SPI_initMaster)
    SPI_receiveData                          0x00000f29   Thumb Code    14  spi.o(i.SPI_receiveData)
    SPI_transmitData                         0x00000f37   Thumb Code    16  spi.o(i.SPI_transmitData)
    SysCtl_disableNMISource                  0x00000f49   Thumb Code    12  sysctl.o(i.SysCtl_disableNMISource)
    SysCtl_enableNMISource                   0x00000f59   Thumb Code    10  sysctl.o(i.SysCtl_enableNMISource)
    SysCtl_getNMISourceStatus                0x00000f69   Thumb Code     6  sysctl.o(i.SysCtl_getNMISourceStatus)
    SystemInit                               0x00000f75   Thumb Code   142  system_msp432p401r.o(i.SystemInit)
    UART_clearInterruptFlag                  0x00001025   Thumb Code    10  uart.o(i.UART_clearInterruptFlag)
    UART_enableInterrupt                     0x0000102f   Thumb Code    22  uart.o(i.UART_enableInterrupt)
    UART_enableModule                        0x00001045   Thumb Code    12  uart.o(i.UART_enableModule)
    UART_getEnabledInterruptStatus           0x00001051   Thumb Code    34  uart.o(i.UART_getEnabledInterruptStatus)
    UART_initModule                          0x00001073   Thumb Code   136  uart.o(i.UART_initModule)
    UART_transmitData                        0x000010fb   Thumb Code    24  uart.o(i.UART_transmitData)
    WDT_A_holdTimer                          0x00001115   Thumb Code    18  wdt_a.o(i.WDT_A_holdTimer)
    __0printf$1                              0x0000112d   Thumb Code    22  printf1.o(i.__0printf$1)
    __1printf$1                              0x0000112d   Thumb Code     0  printf1.o(i.__0printf$1)
    __2printf                                0x0000112d   Thumb Code     0  printf1.o(i.__0printf$1)
    __scatterload_copy                       0x00001331   Thumb Code    14  handlers.o(i.__scatterload_copy)
    __scatterload_null                       0x0000133f   Thumb Code     2  handlers.o(i.__scatterload_null)
    __scatterload_zeroinit                   0x00001341   Thumb Code    14  handlers.o(i.__scatterload_zeroinit)
    cal_rate                                 0x000014a5   Thumb Code   506  ecg_process.o(i.cal_rate)
    clk_init                                 0x000016e5   Thumb Code    62  mysysclk.o(i.clk_init)
    data_tran                                0x00001729   Thumb Code   154  ecg_process.o(i.data_tran)
    delay_init                               0x000017d1   Thumb Code    12  mydelay.o(i.delay_init)
    delay_ms                                 0x000017e5   Thumb Code    24  mydelay.o(i.delay_ms)
    delay_us                                 0x000017fd   Thumb Code    72  mydelay.o(i.delay_us)
    fputc                                    0x00001849   Thumb Code    18  myusart.o(i.fputc)
    key_init                                 0x0000188f   Thumb Code    34  key.o(i.key_init)
    main                                     0x000018b1   Thumb Code    98  main.o(i.main)
    print_ecg_32byte                         0x0000191d   Thumb Code    74  myusart.o(i.print_ecg_32byte)
    spi_init                                 0x0000196d   Thumb Code    54  myspi.o(i.spi_init)
    usart_init                               0x000019ad   Thumb Code    50  myusart.o(i.usart_init)
    spiMasterConfig                          0x000019e8   Data          28  myspi.o(.constdata)
    uartConfig                               0x00001a04   Data          36  myusart.o(.constdata)
    Region$$Table$$Base                      0x00001ab8   Number         0  anon$$obj.o(Region$$Table)
    Region$$Table$$Limit                     0x00001ad8   Number         0  anon$$obj.o(Region$$Table)
    device_id                                0x20000000   Data           1  ads1292r.o(.data)
    finish_flag                              0x20000001   Data           1  ads1292r.o(.data)
    showdata_flag                            0x20000004   Data           1  ecg_process.o(.data)
    ADS1292R_ECG_BUFFER                      0x20000008   Data           8  ecg_process.o(.data)
    ECGRawData                               0x20000010   Data           4  ecg_process.o(.data)
    ecg_fre                                  0x20000014   Data           1  ecg_process.o(.data)
    CoeffBuf_40Hz_LowPass                    0x20000016   Data         322  ecg_process.o(.data)
    Rx_data                                  0x20000172   Data           1  myspi.o(.data)
    __stdout                                 0x200001ac   Data           4  stdout.o(.data)
    ads1292r_data_buff                       0x200001b0   Data           9  ads1292r.o(.bss)
    fir_filter_buffer                        0x200001ba   Data         322  ecg_process.o(.bss)
    __initial_sp                             0x20001348   Data           0  startup_msp432p401r_uvision.o(STACK)



==============================================================================

Memory Map of the image

  Image Entry point : 0x00000145

  Load Region LR_IROM1 (Base: 0x00000000, Size: 0x00001c88, Max: 0x00040000, ABSOLUTE, COMPRESSED[0x00001c40])

    Execution Region ER_IROM1 (Exec base: 0x00000000, Load base: 0x00000000, Size: 0x00001ad8, Max: 0x00040000, ABSOLUTE)

    Exec Addr    Load Addr    Size         Type   Attr      Idx    E Section Name        Object

    0x00000000   0x00000000   0x00000144   Data   RO          456    RESET               startup_msp432p401r_uvision.o
    0x00000144   0x00000144   0x00000000   Code   RO         1164  * .ARM.Collect$$$$00000000  mc_w.l(entry.o)
    0x00000144   0x00000144   0x00000004   Code   RO         1434    .ARM.Collect$$$$00000001  mc_w.l(entry2.o)
    0x00000148   0x00000148   0x00000004   Code   RO         1437    .ARM.Collect$$$$00000004  mc_w.l(entry5.o)
    0x0000014c   0x0000014c   0x00000000   Code   RO         1439    .ARM.Collect$$$$00000008  mc_w.l(entry7b.o)
    0x0000014c   0x0000014c   0x00000000   Code   RO         1441    .ARM.Collect$$$$0000000A  mc_w.l(entry8b.o)
    0x0000014c   0x0000014c   0x00000008   Code   RO         1442    .ARM.Collect$$$$0000000B  mc_w.l(entry9a.o)
    0x00000154   0x00000154   0x00000000   Code   RO         1444    .ARM.Collect$$$$0000000D  mc_w.l(entry10a.o)
    0x00000154   0x00000154   0x00000000   Code   RO         1446    .ARM.Collect$$$$0000000F  mc_w.l(entry11a.o)
    0x00000154   0x00000154   0x00000004   Code   RO         1435    .ARM.Collect$$$$00002712  mc_w.l(entry2.o)
    0x00000158   0x00000158   0x00000026   Code   RO         1069    .emb_text           msp432p4xx_driverlib.lib(cpu.o)
    0x0000017e   0x0000017e   0x00000002   PAD
    0x00000180   0x00000180   0x00000024   Code   RO          457    .text               startup_msp432p401r_uvision.o
    0x000001a4   0x000001a4   0x000000e4   Code   RO         1428    .text               mf_w.l(dmul.o)
    0x00000288   0x00000288   0x00000022   Code   RO         1430    .text               mf_w.l(dflti.o)
    0x000002aa   0x000002aa   0x0000003e   Code   RO         1432    .text               mf_w.l(dfixi.o)
    0x000002e8   0x000002e8   0x0000002c   Code   RO         1449    .text               mc_w.l(uidiv.o)
    0x00000314   0x00000314   0x00000020   Code   RO         1453    .text               mc_w.l(llushr.o)
    0x00000334   0x00000334   0x00000000   Code   RO         1455    .text               mc_w.l(iusefp.o)
    0x00000334   0x00000334   0x000000ba   Code   RO         1456    .text               mf_w.l(depilogue.o)
    0x000003ee   0x000003ee   0x00000002   PAD
    0x000003f0   0x000003f0   0x00000024   Code   RO         1466    .text               mc_w.l(init.o)
    0x00000414   0x00000414   0x0000001e   Code   RO         1468    .text               mc_w.l(llshl.o)
    0x00000432   0x00000432   0x00000056   Code   RO         1480    .text               mc_w.l(__dczerorl2.o)
    0x00000488   0x00000488   0x00000028   Code   RO          187    i.ADS1292R_CMD      ads1292r.o
    0x000004b0   0x000004b0   0x00000034   Code   RO          189    i.ADS1292R_Init     ads1292r.o
    0x000004e4   0x000004e4   0x000000fc   Code   RO          190    i.ADS1292R_PowerOnInit  ads1292r.o
    0x000005e0   0x000005e0   0x00000050   Code   RO          191    i.ADS1292R_REG      ads1292r.o
    0x00000630   0x00000630   0x0000004c   Code   RO          192    i.ADS1292R_ReadData  ads1292r.o
    0x0000067c   0x0000067c   0x00000014   Code   RO          193    i.ADS1292R_SPI_RW   ads1292r.o
    0x00000690   0x00000690   0x0000003a   Code   RO          194    i.ADS1292R_Work     ads1292r.o
    0x000006ca   0x000006ca   0x00000002   PAD
    0x000006cc   0x000006cc   0x000000fc   Code   RO          594    i.CS_initClockSignal  msp432p4xx_driverlib.lib(cs.o)
    0x000007c8   0x000007c8   0x00000024   Code   RO          597    i.CS_setDCOCenteredFrequency  msp432p4xx_driverlib.lib(cs.o)
    0x000007ec   0x000007ec   0x0000000c   Code   RO          600    i.CS_setExternalClockSourceFrequency  msp432p4xx_driverlib.lib(cs.o)
    0x000007f8   0x000007f8   0x00000006   Code   RO          603    i.CS_startHFXT      msp432p4xx_driverlib.lib(cs.o)
    0x000007fe   0x000007fe   0x00000002   PAD
    0x00000800   0x00000800   0x00000144   Code   RO          604    i.CS_startHFXTWithTimeout  msp432p4xx_driverlib.lib(cs.o)
    0x00000944   0x00000944   0x00000060   Code   RO          266    i.ECG_FIR_filter    ecg_process.o
    0x000009a4   0x000009a4   0x000000b0   Code   RO          267    i.ECG_IIR_filter    ecg_process.o
    0x00000a54   0x00000a54   0x00000028   Code   RO          502    i.EUSCIA0_IRQHandler  myusart.o
    0x00000a7c   0x00000a7c   0x0000003c   Code   RO          372    i.EUSCIB0_IRQHandler  myspi.o
    0x00000ab8   0x00000ab8   0x0000002c   Code   RO          674    i.FlashCtl_setWaitState  msp432p4xx_driverlib.lib(flash.o)
    0x00000ae4   0x00000ae4   0x00000014   Code   RO          729    i.GPIO_clearInterruptFlag  msp432p4xx_driverlib.lib(gpio.o)
    0x00000af8   0x00000af8   0x00000014   Code   RO          730    i.GPIO_disableInterrupt  msp432p4xx_driverlib.lib(gpio.o)
    0x00000b0c   0x00000b0c   0x00000014   Code   RO          731    i.GPIO_enableInterrupt  msp432p4xx_driverlib.lib(gpio.o)
    0x00000b20   0x00000b20   0x00000034   Code   RO          732    i.GPIO_getEnabledInterruptStatus  msp432p4xx_driverlib.lib(gpio.o)
    0x00000b54   0x00000b54   0x0000001c   Code   RO          735    i.GPIO_interruptEdgeSelect  msp432p4xx_driverlib.lib(gpio.o)
    0x00000b70   0x00000b70   0x0000002c   Code   RO          739    i.GPIO_setAsInputPinWithPullUpResistor  msp432p4xx_driverlib.lib(gpio.o)
    0x00000b9c   0x00000b9c   0x00000020   Code   RO          740    i.GPIO_setAsOutputPin  msp432p4xx_driverlib.lib(gpio.o)
    0x00000bbc   0x00000bbc   0x00000048   Code   RO          741    i.GPIO_setAsPeripheralModuleFunctionInputPin  msp432p4xx_driverlib.lib(gpio.o)
    0x00000c04   0x00000c04   0x00000048   Code   RO          742    i.GPIO_setAsPeripheralModuleFunctionOutputPin  msp432p4xx_driverlib.lib(gpio.o)
    0x00000c4c   0x00000c4c   0x00000014   Code   RO          745    i.GPIO_setOutputHighOnPin  msp432p4xx_driverlib.lib(gpio.o)
    0x00000c60   0x00000c60   0x00000014   Code   RO          746    i.GPIO_setOutputLowOnPin  msp432p4xx_driverlib.lib(gpio.o)
    0x00000c74   0x00000c74   0x00000064   Code   RO          781    i.Interrupt_enableInterrupt  msp432p4xx_driverlib.lib(interrupt.o)
    0x00000cd8   0x00000cd8   0x0000000e   Code   RO          782    i.Interrupt_enableMaster  msp432p4xx_driverlib.lib(interrupt.o)
    0x00000ce6   0x00000ce6   0x00000002   PAD
    0x00000ce8   0x00000ce8   0x0000004c   Code   RO          830    i.PCM_getCoreVoltageLevel  msp432p4xx_driverlib.lib(pcm.o)
    0x00000d34   0x00000d34   0x00000044   Code   RO          833    i.PCM_getPowerMode  msp432p4xx_driverlib.lib(pcm.o)
    0x00000d78   0x00000d78   0x00000008   Code   RO          842    i.PCM_setCoreVoltageLevel  msp432p4xx_driverlib.lib(pcm.o)
    0x00000d80   0x00000d80   0x00000038   Code   RO          315    i.PORT1_IRQHandler  key.o
    0x00000db8   0x00000db8   0x00000024   Code   RO          195    i.PORT4_IRQHandler  ads1292r.o
    0x00000ddc   0x00000ddc   0x00000038   Code   RO          373    i.SPI_RW            myspi.o
    0x00000e14   0x00000e14   0x00000024   Code   RO          925    i.SPI_clearInterruptFlag  msp432p4xx_driverlib.lib(spi.o)
    0x00000e38   0x00000e38   0x00000020   Code   RO          928    i.SPI_enableInterrupt  msp432p4xx_driverlib.lib(spi.o)
    0x00000e58   0x00000e58   0x00000016   Code   RO          929    i.SPI_enableModule  msp432p4xx_driverlib.lib(spi.o)
    0x00000e6e   0x00000e6e   0x0000003c   Code   RO          930    i.SPI_getEnabledInterruptStatus  msp432p4xx_driverlib.lib(spi.o)
    0x00000eaa   0x00000eaa   0x00000018   Code   RO          931    i.SPI_getInterruptStatus  msp432p4xx_driverlib.lib(spi.o)
    0x00000ec2   0x00000ec2   0x00000066   Code   RO          934    i.SPI_initMaster    msp432p4xx_driverlib.lib(spi.o)
    0x00000f28   0x00000f28   0x0000000e   Code   RO          937    i.SPI_receiveData   msp432p4xx_driverlib.lib(spi.o)
    0x00000f36   0x00000f36   0x00000010   Code   RO          940    i.SPI_transmitData  msp432p4xx_driverlib.lib(spi.o)
    0x00000f46   0x00000f46   0x00000002   PAD
    0x00000f48   0x00000f48   0x00000010   Code   RO         1126    i.SysCtl_disableNMISource  msp432p4xx_driverlib.lib(sysctl.o)
    0x00000f58   0x00000f58   0x00000010   Code   RO         1131    i.SysCtl_enableNMISource  msp432p4xx_driverlib.lib(sysctl.o)
    0x00000f68   0x00000f68   0x0000000c   Code   RO         1136    i.SysCtl_getNMISourceStatus  msp432p4xx_driverlib.lib(sysctl.o)
    0x00000f74   0x00000f74   0x000000b0   Code   RO          422    i.SystemInit        system_msp432p401r.o
    0x00001024   0x00001024   0x0000000a   Code   RO          999    i.UART_clearInterruptFlag  msp432p4xx_driverlib.lib(uart.o)
    0x0000102e   0x0000102e   0x00000016   Code   RO         1002    i.UART_enableInterrupt  msp432p4xx_driverlib.lib(uart.o)
    0x00001044   0x00001044   0x0000000c   Code   RO         1003    i.UART_enableModule  msp432p4xx_driverlib.lib(uart.o)
    0x00001050   0x00001050   0x00000022   Code   RO         1004    i.UART_getEnabledInterruptStatus  msp432p4xx_driverlib.lib(uart.o)
    0x00001072   0x00001072   0x00000088   Code   RO         1008    i.UART_initModule   msp432p4xx_driverlib.lib(uart.o)
    0x000010fa   0x000010fa   0x00000018   Code   RO         1017    i.UART_transmitData  msp432p4xx_driverlib.lib(uart.o)
    0x00001112   0x00001112   0x00000002   PAD
    0x00001114   0x00001114   0x00000018   Code   RO         1046    i.WDT_A_holdTimer   msp432p4xx_driverlib.lib(wdt_a.o)
    0x0000112c   0x0000112c   0x00000020   Code   RO         1212    i.__0printf$1       mc_w.l(printf1.o)
    0x0000114c   0x0000114c   0x00000100   Code   RO          853    i.__PCM_setCoreVoltageLevelAdvanced  msp432p4xx_driverlib.lib(pcm.o)
    0x0000124c   0x0000124c   0x000000e4   Code   RO          854    i.__PCM_setPowerModeAdvanced  msp432p4xx_driverlib.lib(pcm.o)
    0x00001330   0x00001330   0x0000000e   Code   RO         1474    i.__scatterload_copy  mc_w.l(handlers.o)
    0x0000133e   0x0000133e   0x00000002   Code   RO         1475    i.__scatterload_null  mc_w.l(handlers.o)
    0x00001340   0x00001340   0x0000000e   Code   RO         1476    i.__scatterload_zeroinit  mc_w.l(handlers.o)
    0x0000134e   0x0000134e   0x00000002   PAD
    0x00001350   0x00001350   0x00000154   Code   RO         1219    i._printf_core      mc_w.l(printf1.o)
    0x000014a4   0x000014a4   0x00000240   Code   RO          268    i.cal_rate          ecg_process.o
    0x000016e4   0x000016e4   0x00000044   Code   RO          553    i.clk_init          mysysclk.o
    0x00001728   0x00001728   0x000000a8   Code   RO          269    i.data_tran         ecg_process.o
    0x000017d0   0x000017d0   0x00000014   Code   RO          464    i.delay_init        mydelay.o
    0x000017e4   0x000017e4   0x00000018   Code   RO          465    i.delay_ms          mydelay.o
    0x000017fc   0x000017fc   0x0000004c   Code   RO          466    i.delay_us          mydelay.o
    0x00001848   0x00001848   0x00000018   Code   RO          503    i.fputc             myusart.o
    0x00001860   0x00001860   0x0000002e   Code   RO          942    i.is_A_Module       msp432p4xx_driverlib.lib(spi.o)
    0x0000188e   0x0000188e   0x00000022   Code   RO          316    i.key_init          key.o
    0x000018b0   0x000018b0   0x0000006c   Code   RO            4    i.main              main.o
    0x0000191c   0x0000191c   0x00000050   Code   RO          505    i.print_ecg_32byte  myusart.o
    0x0000196c   0x0000196c   0x00000040   Code   RO          374    i.spi_init          myspi.o
    0x000019ac   0x000019ac   0x0000003c   Code   RO          506    i.usart_init        myusart.o
    0x000019e8   0x000019e8   0x0000001c   Data   RO          376    .constdata          myspi.o
    0x00001a04   0x00001a04   0x00000024   Data   RO          507    .constdata          myusart.o
    0x00001a28   0x00001a28   0x00000090   Data   RO          797    .constdata          msp432p4xx_driverlib.lib(interrupt.o)
    0x00001ab8   0x00001ab8   0x00000020   Data   RO         1472    Region$$Table       anon$$obj.o


    Execution Region RW_IRAM1 (Exec base: 0x20000000, Load base: 0x00001ad8, Size: 0x00001348, Max: 0x00010000, ABSOLUTE, COMPRESSED[0x00000168])

    Exec Addr    Load Addr    Size         Type   Attr      Idx    E Section Name        Object

    0x20000000   COMPRESSED   0x00000002   Data   RW          197    .data               ads1292r.o
    0x20000002   COMPRESSED   0x00000002   PAD
    0x20000004   COMPRESSED   0x0000016e   Data   RW          271    .data               ecg_process.o
    0x20000172   COMPRESSED   0x00000001   Data   RW          377    .data               myspi.o
    0x20000173   COMPRESSED   0x00000001   Data   RW          467    .data               mydelay.o
    0x20000174   COMPRESSED   0x00000008   Data   RW          610    .data               msp432p4xx_driverlib.lib(cs.o)
    0x2000017c   COMPRESSED   0x00000030   Data   RW          750    .data               msp432p4xx_driverlib.lib(gpio.o)
    0x200001ac   COMPRESSED   0x00000004   Data   RW         1448    .data               mc_w.l(stdout.o)
    0x200001b0        -       0x00000009   Zero   RW          196    .bss                ads1292r.o
    0x200001b9   COMPRESSED   0x00000001   PAD
    0x200001ba        -       0x00000f88   Zero   RW          270    .bss                ecg_process.o
    0x20001142   COMPRESSED   0x00000006   PAD
    0x20001148        -       0x00000200   Zero   RW          454    STACK               startup_msp432p401r_uvision.o


==============================================================================

Image component sizes


      Code (inc. data)   RO Data    RW Data    ZI Data      Debug   Object Name

       614         48          0          2          9       5105   ads1292r.o
      1016        122          0        366       3976       4456   ecg_process.o
        90          4          0          0          0        986   key.o
       108         10          0          0          0      12811   main.o
       120         12          0          1          0       1703   mydelay.o
       180         30         28          1          0       2107   myspi.o
        68          6          0          0          0        483   mysysclk.o
       204         28         36          0          0       2602   myusart.o
        36          8        324          0        512        860   startup_msp432p401r_uvision.o
       176         34          0          0          0        549   system_msp432p401r.o

    ----------------------------------------------------------------------
      2614        302        420        372       4504      31662   Object Totals
         0          0         32          0          0          0   (incl. Generated)
         2          0          0          2          7          0   (incl. Padding)

    ----------------------------------------------------------------------

      Code (inc. data)   RO Data    RW Data    ZI Data      Debug   Library Member Name

        86          0          0          0          0          0   __dczerorl2.o
         0          0          0          0          0          0   entry.o
         0          0          0          0          0          0   entry10a.o
         0          0          0          0          0          0   entry11a.o
         8          4          0          0          0          0   entry2.o
         4          0          0          0          0          0   entry5.o
         0          0          0          0          0          0   entry7b.o
         0          0          0          0          0          0   entry8b.o
         8          4          0          0          0          0   entry9a.o
        30          0          0          0          0          0   handlers.o
        36          8          0          0          0         68   init.o
         0          0          0          0          0          0   iusefp.o
        30          0          0          0          0         68   llshl.o
        32          0          0          0          0         68   llushr.o
       372         14          0          0          0        184   printf1.o
         0          0          0          4          0          0   stdout.o
        44          0          0          0          0         80   uidiv.o
       186          0          0          0          0        176   depilogue.o
        62          0          0          0          0         80   dfixi.o
        34          0          0          0          0         76   dflti.o
       228          0          0          0          0         96   dmul.o
        38          0          0          0          0        196   cpu.o
       630        104          0          8          0        616   cs.o
        44          6          0          0          0        116   flash.o
       400         66          0         48          0       1276   gpio.o
       114          8        144          0          0        240   interrupt.o
       636        114          0          0          0        636   pcm.o
       352          0          0          0          0       1128   spi.o
        44         16          0          0          0        348   sysctl.o
       238          0          0          0          0        712   uart.o
        24          6          0          0          0        116   wdt_a.o

    ----------------------------------------------------------------------
      3694        350        144         60          0       6280   Library Totals
        14          0          0          0          0          0   (incl. Padding)

    ----------------------------------------------------------------------

      Code (inc. data)   RO Data    RW Data    ZI Data      Debug   Library Name

       650         30          0          4          0        468   mc_w.l
       510          0          0          0          0        428   mf_w.l
      2520        320        144         56          0       5384   msp432p4xx_driverlib.lib

    ----------------------------------------------------------------------
      3694        350        144         60          0       6280   Library Totals

    ----------------------------------------------------------------------

==============================================================================


      Code (inc. data)   RO Data    RW Data    ZI Data      Debug   

      6308        652        564        432       4504      31510   Grand Totals
      6308        652        564        360       4504      31510   ELF Image Totals (compressed)
      6308        652        564        360          0          0   ROM Totals

==============================================================================

    Total RO  Size (Code + RO Data)                 6872 (   6.71kB)
    Total RW  Size (RW Data + ZI Data)              4936 (   4.82kB)
    Total ROM Size (Code + RO Data + RW Data)       7232 (   7.06kB)

==============================================================================

